Archive member included to satisfy reference by file (symbol)

/home/filip/gccarm/gcc-arm-none-eabi-9-2020-q2-update/bin/../lib/gcc/arm-none-eabi/9.3.1/../../../../arm-none-eabi/lib/thumb/v7e-m+fp/hard/libc_nano.a(lib_a-exit.o)
                              /home/filip/gccarm/gcc-arm-none-eabi-9-2020-q2-update/bin/../lib/gcc/arm-none-eabi/9.3.1/../../../../arm-none-eabi/lib/thumb/v7e-m+fp/hard/crt0.o (exit)
/home/filip/gccarm/gcc-arm-none-eabi-9-2020-q2-update/bin/../lib/gcc/arm-none-eabi/9.3.1/../../../../arm-none-eabi/lib/thumb/v7e-m+fp/hard/libc_nano.a(lib_a-impure.o)
                              /home/filip/gccarm/gcc-arm-none-eabi-9-2020-q2-update/bin/../lib/gcc/arm-none-eabi/9.3.1/../../../../arm-none-eabi/lib/thumb/v7e-m+fp/hard/libc_nano.a(lib_a-exit.o) (_global_impure_ptr)
/home/filip/gccarm/gcc-arm-none-eabi-9-2020-q2-update/bin/../lib/gcc/arm-none-eabi/9.3.1/../../../../arm-none-eabi/lib/thumb/v7e-m+fp/hard/libc_nano.a(lib_a-init.o)
                              /home/filip/gccarm/gcc-arm-none-eabi-9-2020-q2-update/bin/../lib/gcc/arm-none-eabi/9.3.1/../../../../arm-none-eabi/lib/thumb/v7e-m+fp/hard/crt0.o (__libc_init_array)
/home/filip/gccarm/gcc-arm-none-eabi-9-2020-q2-update/bin/../lib/gcc/arm-none-eabi/9.3.1/../../../../arm-none-eabi/lib/thumb/v7e-m+fp/hard/libc_nano.a(lib_a-memset.o)
                              /home/filip/gccarm/gcc-arm-none-eabi-9-2020-q2-update/bin/../lib/gcc/arm-none-eabi/9.3.1/../../../../arm-none-eabi/lib/thumb/v7e-m+fp/hard/crt0.o (memset)
/home/filip/gccarm/gcc-arm-none-eabi-9-2020-q2-update/bin/../lib/gcc/arm-none-eabi/9.3.1/../../../../arm-none-eabi/lib/thumb/v7e-m+fp/hard/libc_nano.a(lib_a-sprintf.o)
                              build/main.o (sprintf)
/home/filip/gccarm/gcc-arm-none-eabi-9-2020-q2-update/bin/../lib/gcc/arm-none-eabi/9.3.1/../../../../arm-none-eabi/lib/thumb/v7e-m+fp/hard/libc_nano.a(lib_a-nano-svfprintf.o)
                              /home/filip/gccarm/gcc-arm-none-eabi-9-2020-q2-update/bin/../lib/gcc/arm-none-eabi/9.3.1/../../../../arm-none-eabi/lib/thumb/v7e-m+fp/hard/libc_nano.a(lib_a-sprintf.o) (_svfprintf_r)
/home/filip/gccarm/gcc-arm-none-eabi-9-2020-q2-update/bin/../lib/gcc/arm-none-eabi/9.3.1/../../../../arm-none-eabi/lib/thumb/v7e-m+fp/hard/libc_nano.a(lib_a-nano-vfprintf_i.o)
                              /home/filip/gccarm/gcc-arm-none-eabi-9-2020-q2-update/bin/../lib/gcc/arm-none-eabi/9.3.1/../../../../arm-none-eabi/lib/thumb/v7e-m+fp/hard/libc_nano.a(lib_a-nano-svfprintf.o) (_printf_i)
/home/filip/gccarm/gcc-arm-none-eabi-9-2020-q2-update/bin/../lib/gcc/arm-none-eabi/9.3.1/../../../../arm-none-eabi/lib/thumb/v7e-m+fp/hard/libc_nano.a(lib_a-memchr.o)
                              /home/filip/gccarm/gcc-arm-none-eabi-9-2020-q2-update/bin/../lib/gcc/arm-none-eabi/9.3.1/../../../../arm-none-eabi/lib/thumb/v7e-m+fp/hard/libc_nano.a(lib_a-nano-svfprintf.o) (memchr)
/home/filip/gccarm/gcc-arm-none-eabi-9-2020-q2-update/bin/../lib/gcc/arm-none-eabi/9.3.1/../../../../arm-none-eabi/lib/thumb/v7e-m+fp/hard/libc_nano.a(lib_a-memcpy-stub.o)
                              /home/filip/gccarm/gcc-arm-none-eabi-9-2020-q2-update/bin/../lib/gcc/arm-none-eabi/9.3.1/../../../../arm-none-eabi/lib/thumb/v7e-m+fp/hard/libc_nano.a(lib_a-nano-svfprintf.o) (memcpy)
/home/filip/gccarm/gcc-arm-none-eabi-9-2020-q2-update/bin/../lib/gcc/arm-none-eabi/9.3.1/../../../../arm-none-eabi/lib/thumb/v7e-m+fp/hard/libc_nano.a(lib_a-memmove.o)
                              /home/filip/gccarm/gcc-arm-none-eabi-9-2020-q2-update/bin/../lib/gcc/arm-none-eabi/9.3.1/../../../../arm-none-eabi/lib/thumb/v7e-m+fp/hard/libc_nano.a(lib_a-nano-svfprintf.o) (memmove)
/home/filip/gccarm/gcc-arm-none-eabi-9-2020-q2-update/bin/../lib/gcc/arm-none-eabi/9.3.1/../../../../arm-none-eabi/lib/thumb/v7e-m+fp/hard/libc_nano.a(lib_a-nano-freer.o)
                              /home/filip/gccarm/gcc-arm-none-eabi-9-2020-q2-update/bin/../lib/gcc/arm-none-eabi/9.3.1/../../../../arm-none-eabi/lib/thumb/v7e-m+fp/hard/libc_nano.a(lib_a-nano-svfprintf.o) (_free_r)
/home/filip/gccarm/gcc-arm-none-eabi-9-2020-q2-update/bin/../lib/gcc/arm-none-eabi/9.3.1/../../../../arm-none-eabi/lib/thumb/v7e-m+fp/hard/libc_nano.a(lib_a-nano-mallocr.o)
                              /home/filip/gccarm/gcc-arm-none-eabi-9-2020-q2-update/bin/../lib/gcc/arm-none-eabi/9.3.1/../../../../arm-none-eabi/lib/thumb/v7e-m+fp/hard/libc_nano.a(lib_a-nano-svfprintf.o) (_malloc_r)
/home/filip/gccarm/gcc-arm-none-eabi-9-2020-q2-update/bin/../lib/gcc/arm-none-eabi/9.3.1/../../../../arm-none-eabi/lib/thumb/v7e-m+fp/hard/libc_nano.a(lib_a-nano-reallocr.o)
                              /home/filip/gccarm/gcc-arm-none-eabi-9-2020-q2-update/bin/../lib/gcc/arm-none-eabi/9.3.1/../../../../arm-none-eabi/lib/thumb/v7e-m+fp/hard/libc_nano.a(lib_a-nano-svfprintf.o) (_realloc_r)
/home/filip/gccarm/gcc-arm-none-eabi-9-2020-q2-update/bin/../lib/gcc/arm-none-eabi/9.3.1/../../../../arm-none-eabi/lib/thumb/v7e-m+fp/hard/libc_nano.a(lib_a-sbrkr.o)
[...]
Memory Configuration

Name             Origin             Length             Attributes
RAM              0x0000000020000000 0x0000000000010000 xrw
CCMRAM           0x0000000010000000 0x0000000000004000 xrw
FLASH            0x0000000008000000 0x0000000000080000 xr
*default*        0x0000000000000000 0xffffffffffffffff

Linker script and memory map

LOAD /home/filip/gccarm/gcc-arm-none-eabi-9-2020-q2-update/bin/../lib/gcc/arm-none-eabi/9.3.1/thumb/v7e-m+fp/hard/crti.o
LOAD /home/filip/gccarm/gcc-arm-none-eabi-9-2020-q2-update/bin/../lib/gcc/arm-none-eabi/9.3.1/thumb/v7e-m+fp/hard/crtbegin.o
LOAD /home/filip/gccarm/gcc-arm-none-eabi-9-2020-q2-update/bin/../lib/gcc/arm-none-eabi/9.3.1/../../../../arm-none-eabi/lib/thumb/v7e-m+fp/hard/crt0.o
LOAD build/main.o
LOAD build/stm32f3xx_it.o
LOAD build/stm32f3xx_hal_msp.o
LOAD build/stm32f3xx_hal_dac.o
LOAD build/stm32f3xx_hal_dac_ex.o
LOAD build/stm32f3xx_hal.o
LOAD build/stm32f3xx_hal_rcc.o
LOAD build/stm32f3xx_hal_rcc_ex.o
LOAD build/stm32f3xx_hal_gpio.o
LOAD build/stm32f3xx_hal_dma.o
LOAD build/stm32f3xx_hal_cortex.o
LOAD build/stm32f3xx_hal_pwr.o
LOAD build/stm32f3xx_hal_pwr_ex.o
LOAD build/stm32f3xx_hal_flash.o
LOAD build/stm32f3xx_hal_flash_ex.o
LOAD build/stm32f3xx_hal_i2c.o
LOAD build/stm32f3xx_hal_i2c_ex.o
LOAD build/stm32f3xx_hal_exti.o
LOAD build/stm32f3xx_hal_i2s.o
LOAD build/stm32f3xx_hal_i2s_ex.o
LOAD build/stm32f3xx_hal_tim.o
LOAD build/stm32f3xx_hal_tim_ex.o
LOAD build/system_stm32f3xx.o
LOAD build/utils.o
LOAD build/stm32f3xx_hal_uart.o
LOAD build/stm32f3xx_hal_uart_ex.o
LOAD build/startup_stm32f303xe.o
LOAD /home/filip/gccarm/gcc-arm-none-eabi-9-2020-q2-update/bin/../lib/gcc/arm-none-eabi/9.3.1/../../../../arm-none-eabi/lib/thumb/v7e-m+fp/hard/libc_nano.a
LOAD /home/filip/gccarm/gcc-arm-none-eabi-9-2020-q2-update/bin/../lib/gcc/arm-none-eabi/9.3.1/../../../../arm-none-eabi/lib/thumb/v7e-m+fp/hard/libm.a
LOAD /home/filip/gccarm/gcc-arm-none-eabi-9-2020-q2-update/bin/../lib/gcc/arm-none-eabi/9.3.1/../../../../arm-none-eabi/lib/thumb/v7e-m+fp/hard/libnosys.a
START GROUP
LOAD /home/filip/gccarm/gcc-arm-none-eabi-9-2020-q2-update/bin/../lib/gcc/arm-none-eabi/9.3.1/thumb/v7e-m+fp/hard/libgcc.a
LOAD /home/filip/gccarm/gcc-arm-none-eabi-9-2020-q2-update/bin/../lib/gcc/arm-none-eabi/9.3.1/../../../../arm-none-eabi/lib/thumb/v7e-m+fp/hard/libc_nano.a
END GROUP
START GROUP
LOAD /home/filip/gccarm/gcc-arm-none-eabi-9-2020-q2-update/bin/../lib/gcc/arm-none-eabi/9.3.1/thumb/v7e-m+fp/hard/libgcc.a
LOAD /home/filip/gccarm/gcc-arm-none-eabi-9-2020-q2-update/bin/../lib/gcc/arm-none-eabi/9.3.1/../../../../arm-none-eabi/lib/thumb/v7e-m+fp/hard/libc_nano.a
END GROUP
LOAD /home/filip/gccarm/gcc-arm-none-eabi-9-2020-q2-update/bin/../lib/gcc/arm-none-eabi/9.3.1/thumb/v7e-m+fp/hard/crtend.o
LOAD /home/filip/gccarm/gcc-arm-none-eabi-9-2020-q2-update/bin/../lib/gcc/arm-none-eabi/9.3.1/thumb/v7e-m+fp/hard/crtn.o
                0x0000000020010000                _estack = 0x20010000
                0x0000000000000200                _Min_Heap_Size = 0x200
                0x0000000000000400                _Min_Stack_Size = 0x400

.isr_vector     0x0000000008000000      0x194
                0x0000000008000000                . = ALIGN (0x4)
 *(.isr_vector)
 .isr_vector    0x0000000008000000      0x194 build/startup_stm32f303xe.o
                0x0000000008000000                g_pfnVectors
                0x0000000008000194                . = ALIGN (0x4)

.text           0x00000000080001a0     0x2b08
                0x00000000080001a0                . = ALIGN (0x4)
 *(.text)
 .text          0x00000000080001a0       0x40 /home/filip/gccarm/gcc-arm-none-eabi-9-2020-q2-update/bin/../lib/gcc/arm-none-eabi/9.3.1/thumb/v7e-m+fp/hard/crtbegin.o
 .text          0x00000000080001e0       0xa0 /home/filip/gccarm/gcc-arm-none-eabi-9-2020-q2-update/bin/../lib/gcc/arm-none-eabi/9.3.1/../../../../arm-none-eabi/lib/thumb/v7e-m+fp/hard/libc_nano.a(lib_a-memchr.o)
                0x00000000080001e0                memchr
 *(.text*)
 .text.MX_GPIO_Init
                0x0000000008000280       0xa0 build/main.o
 .text.Error_Handler
                0x0000000008000320        0x4 build/main.o
                0x0000000008000320                Error_Handler
 .text.MX_I2S2_Init
                0x0000000008000324       0x38 build/main.o
 .text.MX_DAC1_Init
                0x000000000800035c       0x40 build/main.o
 .text.MX_USART1_UART_Init
                0x000000000800039c       0x38 build/main.o
 .text.SystemClock_Config
                0x00000000080003d4       0x84 build/main.o
                0x00000000080003d4                SystemClock_Config
 .text.main     0x0000000008000458       0x94 build/main.o
                0x0000000008000458                main
 .text.NMI_Handler
                0x00000000080004ec        0x2 build/stm32f3xx_it.o
                0x00000000080004ec                NMI_Handler
 .text.HardFault_Handler
                0x00000000080004ee        0x2 build/stm32f3xx_it.o
                0x00000000080004ee                HardFault_Handler
 .text.MemManage_Handler
                0x00000000080004f0        0x2 build/stm32f3xx_it.o
                0x00000000080004f0                MemManage_Handler
 .text.BusFault_Handler
                0x00000000080004f2        0x2 build/stm32f3xx_it.o
                0x00000000080004f2                BusFault_Handler
 .text.UsageFault_Handler
                0x00000000080004f4        0x2 build/stm32f3xx_it.o
                0x00000000080004f4                UsageFault_Handler
 .text.SVC_Handler
                0x00000000080004f6        0x2 build/stm32f3xx_it.o
                0x00000000080004f6                SVC_Handler
 .text.DebugMon_Handler
                0x00000000080004f8        0x2 build/stm32f3xx_it.o
                0x00000000080004f8                DebugMon_Handler
 .text.PendSV_Handler
                0x00000000080004fa        0x2 build/stm32f3xx_it.o
                0x00000000080004fa                PendSV_Handler
 .text.SysTick_Handler
                0x00000000080004fc        0x8 build/stm32f3xx_it.o
                0x00000000080004fc                SysTick_Handler
 .text.HAL_MspInit
                0x0000000008000504       0x3c build/stm32f3xx_hal_msp.o
                0x0000000008000504                HAL_MspInit
 .text.HAL_DAC_MspInit
                0x0000000008000540       0x64 build/stm32f3xx_hal_msp.o
                0x0000000008000540                HAL_DAC_MspInit
 .text.HAL_I2S_MspInit
                0x00000000080005a4       0x70 build/stm32f3xx_hal_msp.o
                0x00000000080005a4                HAL_I2S_MspInit
 .text.HAL_UART_MspInit
                0x0000000008000614       0x6c build/stm32f3xx_hal_msp.o
                0x0000000008000614                HAL_UART_MspInit
 .text.HAL_DAC_Init
                0x0000000008000680       0x24 build/stm32f3xx_hal_dac.o
                0x0000000008000680                HAL_DAC_Init
 .text.HAL_DAC_ConfigChannel
                0x00000000080006a4       0x4a build/stm32f3xx_hal_dac_ex.o
                0x00000000080006a4                HAL_DAC_ConfigChannel
 *fill*         0x00000000080006ee        0x2 
 .text.HAL_InitTick
                0x00000000080006f0       0x4c build/stm32f3xx_hal.o
                0x00000000080006f0                HAL_InitTick
 .text.HAL_Init
                0x000000000800073c       0x24 build/stm32f3xx_hal.o
                0x000000000800073c                HAL_Init
 .text.HAL_IncTick
                0x0000000008000760       0x18 build/stm32f3xx_hal.o
                0x0000000008000760                HAL_IncTick
 .text.HAL_GetTick
                0x0000000008000778        0xc build/stm32f3xx_hal.o
                0x0000000008000778                HAL_GetTick
 .text.HAL_Delay
                0x0000000008000784       0x28 build/stm32f3xx_hal.o
                0x0000000008000784                HAL_Delay
 .text.HAL_RCC_OscConfig
                0x00000000080007ac      0x640 build/stm32f3xx_hal_rcc.o
                0x00000000080007ac                HAL_RCC_OscConfig
 .text.HAL_RCC_GetSysClockFreq
                0x0000000008000dec       0x70 build/stm32f3xx_hal_rcc.o
                0x0000000008000dec                HAL_RCC_GetSysClockFreq
 .text.HAL_RCC_ClockConfig
                0x0000000008000e5c      0x1a8 build/stm32f3xx_hal_rcc.o
                0x0000000008000e5c                HAL_RCC_ClockConfig
 .text.HAL_RCC_GetHCLKFreq
                0x0000000008001004        0xc build/stm32f3xx_hal_rcc.o
                0x0000000008001004                HAL_RCC_GetHCLKFreq
 .text.HAL_RCC_GetPCLK1Freq
                0x0000000008001010       0x2c build/stm32f3xx_hal_rcc.o
                0x0000000008001010                HAL_RCC_GetPCLK1Freq
 .text.HAL_RCC_GetPCLK2Freq
                0x000000000800103c       0x2c build/stm32f3xx_hal_rcc.o
                0x000000000800103c                HAL_RCC_GetPCLK2Freq
 .text.HAL_RCCEx_PeriphCLKConfig
                0x0000000008001068      0x300 build/stm32f3xx_hal_rcc_ex.o
                0x0000000008001068                HAL_RCCEx_PeriphCLKConfig
 .text.HAL_GPIO_Init
                0x0000000008001368      0x1b0 build/stm32f3xx_hal_gpio.o
                0x0000000008001368                HAL_GPIO_Init
 .text.HAL_GPIO_WritePin
                0x0000000008001518        0xa build/stm32f3xx_hal_gpio.o
                0x0000000008001518                HAL_GPIO_WritePin
 .text.HAL_GPIO_TogglePin
                0x0000000008001522       0x12 build/stm32f3xx_hal_gpio.o
                0x0000000008001522                HAL_GPIO_TogglePin
 .text.HAL_NVIC_SetPriorityGrouping
                0x0000000008001534       0x24 build/stm32f3xx_hal_cortex.o
                0x0000000008001534                HAL_NVIC_SetPriorityGrouping
 .text.HAL_NVIC_SetPriority
                0x0000000008001558       0x68 build/stm32f3xx_hal_cortex.o
                0x0000000008001558                HAL_NVIC_SetPriority
 .text.HAL_SYSTICK_Config
                0x00000000080015c0       0x2c build/stm32f3xx_hal_cortex.o
                0x00000000080015c0                HAL_SYSTICK_Config
 .text.I2S_WaitFlagStateUntilTimeout
                0x00000000080015ec       0x50 build/stm32f3xx_hal_i2s.o
 .text.HAL_I2S_Init
                0x000000000800163c      0x1c4 build/stm32f3xx_hal_i2s.o
                0x000000000800163c                HAL_I2S_Init
 .text.HAL_I2S_Receive
                0x0000000008001800      0x110 build/stm32f3xx_hal_i2s.o
                0x0000000008001800                HAL_I2S_Receive
 .text.HAL_I2S_TxCpltCallback
                0x0000000008001910        0x2 build/stm32f3xx_hal_i2s.o
                0x0000000008001910                HAL_I2S_TxCpltCallback
 .text.I2S_Transmit_IT
                0x0000000008001912       0x38 build/stm32f3xx_hal_i2s.o
 .text.HAL_I2S_RxCpltCallback
                0x000000000800194a        0x2 build/stm32f3xx_hal_i2s.o
                0x000000000800194a                HAL_I2S_RxCpltCallback
 .text.I2S_Receive_IT
                0x000000000800194c       0x38 build/stm32f3xx_hal_i2s.o
 .text.HAL_I2S_ErrorCallback
                0x0000000008001984        0x2 build/stm32f3xx_hal_i2s.o
                0x0000000008001984                HAL_I2S_ErrorCallback
 .text.I2S_IRQHandler
                0x0000000008001986       0xd0 build/stm32f3xx_hal_i2s.o
 .text.HAL_I2SEx_TxRxCpltCallback
                0x0000000008001a56        0x2 build/stm32f3xx_hal_i2s_ex.o
                0x0000000008001a56                HAL_I2SEx_TxRxCpltCallback
 .text.I2SEx_TxISR_I2S
                0x0000000008001a58       0x3c build/stm32f3xx_hal_i2s_ex.o
 .text.I2SEx_RxISR_I2SExt
                0x0000000008001a94       0x64 build/stm32f3xx_hal_i2s_ex.o
 .text.I2SEx_TxISR_I2SExt
                0x0000000008001af8       0x64 build/stm32f3xx_hal_i2s_ex.o
 .text.I2SEx_RxISR_I2S
                0x0000000008001b5c       0x3c build/stm32f3xx_hal_i2s_ex.o
 .text.HAL_I2SEx_FullDuplex_IRQHandler
                0x0000000008001b98      0x1d8 build/stm32f3xx_hal_i2s_ex.o
                0x0000000008001b98                HAL_I2SEx_FullDuplex_IRQHandler
 .text.SystemInit
                0x0000000008001d70       0x14 build/system_stm32f3xx.o
                0x0000000008001d70                SystemInit
 .text.strlen_or_err
                0x0000000008001d84       0x3c build/utils.o
 .text.utils_print_init
                0x0000000008001dc0       0x1c build/utils.o
                0x0000000008001dc0                utils_print_init
 .text.utils_print_private
                0x0000000008001ddc       0x28 build/utils.o
                0x0000000008001ddc                utils_print_private
 .text.UART_SetConfig
                0x0000000008001e04      0x250 build/stm32f3xx_hal_uart.o
                0x0000000008001e04                UART_SetConfig
 .text.UART_AdvFeatureConfig
                0x0000000008002054       0xca build/stm32f3xx_hal_uart.o
                0x0000000008002054                UART_AdvFeatureConfig
 .text.UART_WaitOnFlagUntilTimeout
                0x000000000800211e       0xa4 build/stm32f3xx_hal_uart.o
                0x000000000800211e                UART_WaitOnFlagUntilTimeout
 .text.HAL_UART_Transmit
                0x00000000080021c2       0xd8 build/stm32f3xx_hal_uart.o
                0x00000000080021c2                HAL_UART_Transmit
 .text.UART_CheckIdleState
                0x000000000800229a       0x70 build/stm32f3xx_hal_uart.o
                0x000000000800229a                UART_CheckIdleState
 .text.HAL_UART_Init
                0x000000000800230a       0x62 build/stm32f3xx_hal_uart.o
                0x000000000800230a                HAL_UART_Init
 .text.Reset_Handler
                0x000000000800236c       0x50 build/startup_stm32f303xe.o
                0x000000000800236c                Reset_Handler
 .text.Default_Handler
                0x00000000080023bc        0x2 build/startup_stm32f303xe.o
                0x00000000080023bc                RTC_Alarm_IRQHandler
                0x00000000080023bc                TIM8_TRG_COM_IRQHandler
                0x00000000080023bc                TIM8_CC_IRQHandler
                0x00000000080023bc                SPI4_IRQHandler
                0x00000000080023bc                TIM1_CC_IRQHandler
                0x00000000080023bc                USB_HP_IRQHandler
                0x00000000080023bc                PVD_IRQHandler
                0x00000000080023bc                TAMP_STAMP_IRQHandler
                0x00000000080023bc                EXTI3_IRQHandler
                0x00000000080023bc                I2C3_ER_IRQHandler
                0x00000000080023bc                USB_HP_CAN_TX_IRQHandler
                0x00000000080023bc                EXTI0_IRQHandler
                0x00000000080023bc                I2C2_EV_IRQHandler
                0x00000000080023bc                FPU_IRQHandler
                0x00000000080023bc                TIM1_UP_TIM16_IRQHandler
                0x00000000080023bc                ADC1_2_IRQHandler
                0x00000000080023bc                SPI1_IRQHandler
                0x00000000080023bc                CAN_SCE_IRQHandler
                0x00000000080023bc                TIM6_DAC_IRQHandler
                0x00000000080023bc                TIM8_UP_IRQHandler
                0x00000000080023bc                DMA2_Channel2_IRQHandler
                0x00000000080023bc                DMA1_Channel4_IRQHandler
                0x00000000080023bc                TIM20_TRG_COM_IRQHandler
                0x00000000080023bc                USART3_IRQHandler
                0x00000000080023bc                DMA1_Channel7_IRQHandler
                0x00000000080023bc                UART5_IRQHandler
                0x00000000080023bc                ADC3_IRQHandler
                0x00000000080023bc                TIM4_IRQHandler
                0x00000000080023bc                CAN_RX1_IRQHandler
                0x00000000080023bc                DMA2_Channel1_IRQHandler
                0x00000000080023bc                I2C1_EV_IRQHandler
                0x00000000080023bc                DMA1_Channel6_IRQHandler
                0x00000000080023bc                UART4_IRQHandler
                0x00000000080023bc                DMA2_Channel4_IRQHandler
                0x00000000080023bc                TIM3_IRQHandler
                0x00000000080023bc                RCC_IRQHandler
                0x00000000080023bc                TIM20_UP_IRQHandler
                0x00000000080023bc                DMA1_Channel1_IRQHandler
                0x00000000080023bc                Default_Handler
                0x00000000080023bc                USBWakeUp_RMP_IRQHandler
                0x00000000080023bc                EXTI15_10_IRQHandler
                0x00000000080023bc                TIM7_IRQHandler
                0x00000000080023bc                I2C3_EV_IRQHandler
                0x00000000080023bc                EXTI9_5_IRQHandler
                0x00000000080023bc                RTC_WKUP_IRQHandler
                0x00000000080023bc                SPI2_IRQHandler
                0x00000000080023bc                USB_LP_CAN_RX0_IRQHandler
                0x00000000080023bc                DMA2_Channel5_IRQHandler
                0x00000000080023bc                DMA1_Channel5_IRQHandler
                0x00000000080023bc                USB_LP_IRQHandler
                0x00000000080023bc                EXTI4_IRQHandler
                0x00000000080023bc                TIM1_TRG_COM_TIM17_IRQHandler
                0x00000000080023bc                DMA1_Channel3_IRQHandler
                0x00000000080023bc                ADC4_IRQHandler
                0x00000000080023bc                WWDG_IRQHandler
                0x00000000080023bc                TIM2_IRQHandler
                0x00000000080023bc                COMP7_IRQHandler
                0x00000000080023bc                COMP1_2_3_IRQHandler
                0x00000000080023bc                EXTI1_IRQHandler
                0x00000000080023bc                USART2_IRQHandler
                0x00000000080023bc                COMP4_5_6_IRQHandler
                0x00000000080023bc                TIM20_BRK_IRQHandler
                0x00000000080023bc                I2C2_ER_IRQHandler
                0x00000000080023bc                DMA1_Channel2_IRQHandler
                0x00000000080023bc                TIM8_BRK_IRQHandler
                0x00000000080023bc                FLASH_IRQHandler
                0x00000000080023bc                TIM20_CC_IRQHandler
                0x00000000080023bc                USART1_IRQHandler
                0x00000000080023bc                SPI3_IRQHandler
                0x00000000080023bc                I2C1_ER_IRQHandler
                0x00000000080023bc                FMC_IRQHandler
                0x00000000080023bc                USBWakeUp_IRQHandler
                0x00000000080023bc                DMA2_Channel3_IRQHandler
                0x00000000080023bc                EXTI2_TSC_IRQHandler
                0x00000000080023bc                TIM1_BRK_TIM15_IRQHandler
 *fill*         0x00000000080023be        0x2 
 .text.__libc_init_array
                0x00000000080023c0       0x48 /home/filip/gccarm/gcc-arm-none-eabi-9-2020-q2-update/bin/../lib/gcc/arm-none-eabi/9.3.1/../../../../arm-none-eabi/lib/thumb/v7e-m+fp/hard/libc_nano.a(lib_a-init.o)
                0x00000000080023c0                __libc_init_array
 .text.memset   0x0000000008002408       0x10 /home/filip/gccarm/gcc-arm-none-eabi-9-2020-q2-update/bin/../lib/gcc/arm-none-eabi/9.3.1/../../../../arm-none-eabi/lib/thumb/v7e-m+fp/hard/libc_nano.a(lib_a-memset.o)
                0x0000000008002408                memset
 .text.sprintf  0x0000000008002418       0x40 /home/filip/gccarm/gcc-arm-none-eabi-9-2020-q2-update/bin/../lib/gcc/arm-none-eabi/9.3.1/../../../../arm-none-eabi/lib/thumb/v7e-m+fp/hard/libc_nano.a(lib_a-sprintf.o)
                0x0000000008002418                sprintf
                0x0000000008002418                siprintf
 .text.__ssputs_r
                0x0000000008002458       0xb6 /home/filip/gccarm/gcc-arm-none-eabi-9-2020-q2-update/bin/../lib/gcc/arm-none-eabi/9.3.1/../../../../arm-none-eabi/lib/thumb/v7e-m+fp/hard/libc_nano.a(lib_a-nano-svfprintf.o)
                0x0000000008002458                __ssputs_r
 *fill*         0x000000000800250e        0x2 
 .text._svfprintf_r
                0x0000000008002510      0x200 /home/filip/gccarm/gcc-arm-none-eabi-9-2020-q2-update/bin/../lib/gcc/arm-none-eabi/9.3.1/../../../../arm-none-eabi/lib/thumb/v7e-m+fp/hard/libc_nano.a(lib_a-nano-svfprintf.o)
                0x0000000008002510                _svfprintf_r
                0x0000000008002510                _svfiprintf_r
 .text._printf_common
                0x0000000008002710       0xda /home/filip/gccarm/gcc-arm-none-eabi-9-2020-q2-update/bin/../lib/gcc/arm-none-eabi/9.3.1/../../../../arm-none-eabi/lib/thumb/v7e-m+fp/hard/libc_nano.a(lib_a-nano-vfprintf_i.o)
                0x0000000008002710                _printf_common
 *fill*         0x00000000080027ea        0x2 
 .text._printf_i
                0x00000000080027ec      0x24c /home/filip/gccarm/gcc-arm-none-eabi-9-2020-q2-update/bin/../lib/gcc/arm-none-eabi/9.3.1/../../../../arm-none-eabi/lib/thumb/v7e-m+fp/hard/libc_nano.a(lib_a-nano-vfprintf_i.o)
                0x00000000080027ec                _printf_i
 .text.memcpy   0x0000000008002a38       0x1c /home/filip/gccarm/gcc-arm-none-eabi-9-2020-q2-update/bin/../lib/gcc/arm-none-eabi/9.3.1/../../../../arm-none-eabi/lib/thumb/v7e-m+fp/hard/libc_nano.a(lib_a-memcpy-stub.o)
                0x0000000008002a38                memcpy
 .text.memmove  0x0000000008002a54       0x34 /home/filip/gccarm/gcc-arm-none-eabi-9-2020-q2-update/bin/../lib/gcc/arm-none-eabi/9.3.1/../../../../arm-none-eabi/lib/thumb/v7e-m+fp/hard/libc_nano.a(lib_a-memmove.o)
                0x0000000008002a54                memmove
 .text._free_r  0x0000000008002a88       0xa0 /home/filip/gccarm/gcc-arm-none-eabi-9-2020-q2-update/bin/../lib/gcc/arm-none-eabi/9.3.1/../../../../arm-none-eabi/lib/thumb/v7e-m+fp/hard/libc_nano.a(lib_a-nano-freer.o)
                0x0000000008002a88                _free_r
 .text._malloc_r
                0x0000000008002b28       0xb4 /home/filip/gccarm/gcc-arm-none-eabi-9-2020-q2-update/bin/../lib/gcc/arm-none-eabi/9.3.1/../../../../arm-none-eabi/lib/thumb/v7e-m+fp/hard/libc_nano.a(lib_a-nano-mallocr.o)
                0x0000000008002b28                _malloc_r
 .text._realloc_r
                0x0000000008002bdc       0x4c /home/filip/gccarm/gcc-arm-none-eabi-9-2020-q2-update/bin/../lib/gcc/arm-none-eabi/9.3.1/../../../../arm-none-eabi/lib/thumb/v7e-m+fp/hard/libc_nano.a(lib_a-nano-reallocr.o)
                0x0000000008002bdc                _realloc_r
 .text._sbrk_r  0x0000000008002c28       0x20 /home/filip/gccarm/gcc-arm-none-eabi-9-2020-q2-update/bin/../lib/gcc/arm-none-eabi/9.3.1/../../../../arm-none-eabi/lib/thumb/v7e-m+fp/hard/libc_nano.a(lib_a-sbrkr.o)
                0x0000000008002c28                _sbrk_r
 .text.__malloc_lock
                0x0000000008002c48        0xc /home/filip/gccarm/gcc-arm-none-eabi-9-2020-q2-update/bin/../lib/gcc/arm-none-eabi/9.3.1/../../../../arm-none-eabi/lib/thumb/v7e-m+fp/hard/libc_nano.a(lib_a-mlock.o)
                0x0000000008002c48                __malloc_lock
 .text.__malloc_unlock
                0x0000000008002c54        0xc /home/filip/gccarm/gcc-arm-none-eabi-9-2020-q2-update/bin/../lib/gcc/arm-none-eabi/9.3.1/../../../../arm-none-eabi/lib/thumb/v7e-m+fp/hard/libc_nano.a(lib_a-mlock.o)
                0x0000000008002c54                __malloc_unlock
 .text._malloc_usable_size_r
                0x0000000008002c60       0x10 /home/filip/gccarm/gcc-arm-none-eabi-9-2020-q2-update/bin/../lib/gcc/arm-none-eabi/9.3.1/../../../../arm-none-eabi/lib/thumb/v7e-m+fp/hard/libc_nano.a(lib_a-nano-msizer.o)
                0x0000000008002c60                _malloc_usable_size_r
 .text.__retarget_lock_acquire_recursive
                0x0000000008002c70        0x2 /home/filip/gccarm/gcc-arm-none-eabi-9-2020-q2-update/bin/../lib/gcc/arm-none-eabi/9.3.1/../../../../arm-none-eabi/lib/thumb/v7e-m+fp/hard/libc_nano.a(lib_a-lock.o)
                0x0000000008002c70                __retarget_lock_acquire_recursive
 .text.__retarget_lock_release_recursive
                0x0000000008002c72        0x2 /home/filip/gccarm/gcc-arm-none-eabi-9-2020-q2-update/bin/../lib/gcc/arm-none-eabi/9.3.1/../../../../arm-none-eabi/lib/thumb/v7e-m+fp/hard/libc_nano.a(lib_a-lock.o)
                0x0000000008002c72                __retarget_lock_release_recursive
 .text._sbrk    0x0000000008002c74       0x1c /home/filip/gccarm/gcc-arm-none-eabi-9-2020-q2-update/bin/../lib/gcc/arm-none-eabi/9.3.1/../../../../arm-none-eabi/lib/thumb/v7e-m+fp/hard/libnosys.a(sbrk.o)
                0x0000000008002c74                _sbrk
 *(.glue_7)
 .glue_7        0x0000000008002c90        0x0 linker stubs
 *(.glue_7t)
 .glue_7t       0x0000000008002c90        0x0 linker stubs
 *(.eh_frame)
 .eh_frame      0x0000000008002c90        0x0 /home/filip/gccarm/gcc-arm-none-eabi-9-2020-q2-update/bin/../lib/gcc/arm-none-eabi/9.3.1/thumb/v7e-m+fp/hard/crtbegin.o
 *(.init)
 .init          0x0000000008002c90        0x4 /home/filip/gccarm/gcc-arm-none-eabi-9-2020-q2-update/bin/../lib/gcc/arm-none-eabi/9.3.1/thumb/v7e-m+fp/hard/crti.o
                0x0000000008002c90                _init
 .init          0x0000000008002c94        0x8 /home/filip/gccarm/gcc-arm-none-eabi-9-2020-q2-update/bin/../lib/gcc/arm-none-eabi/9.3.1/thumb/v7e-m+fp/hard/crtn.o
 *(.fini)
 .fini          0x0000000008002c9c        0x4 /home/filip/gccarm/gcc-arm-none-eabi-9-2020-q2-update/bin/../lib/gcc/arm-none-eabi/9.3.1/thumb/v7e-m+fp/hard/crti.o
                0x0000000008002c9c                _fini
 .fini          0x0000000008002ca0        0x8 /home/filip/gccarm/gcc-arm-none-eabi-9-2020-q2-update/bin/../lib/gcc/arm-none-eabi/9.3.1/thumb/v7e-m+fp/hard/crtn.o
                0x0000000008002ca8                . = ALIGN (0x4)
                0x0000000008002ca8                _etext = .

.vfp11_veneer   0x0000000008002ca8        0x0
 .vfp11_veneer  0x0000000008002ca8        0x0 linker stubs

.v4_bx          0x0000000008002ca8        0x0
 .v4_bx         0x0000000008002ca8        0x0 linker stubs

.iplt           0x0000000008002ca8        0x0
 .iplt          0x0000000008002ca8        0x0 /home/filip/gccarm/gcc-arm-none-eabi-9-2020-q2-update/bin/../lib/gcc/arm-none-eabi/9.3.1/thumb/v7e-m+fp/hard/crtbegin.o

.rodata         0x0000000008002ca8       0x78
                0x0000000008002ca8                . = ALIGN (0x4)
 *(.rodata)
 *(.rodata*)
 .rodata.main.str1.4
                0x0000000008002ca8        0x9 build/main.o
 *fill*         0x0000000008002cb1        0x3 
 .rodata.aPLLMULFactorTable
                0x0000000008002cb4       0x10 build/stm32f3xx_hal_rcc.o
                0x0000000008002cb4                aPLLMULFactorTable
 .rodata.aPredivFactorTable
                0x0000000008002cc4       0x10 build/stm32f3xx_hal_rcc.o
                0x0000000008002cc4                aPredivFactorTable
 .rodata.AHBPrescTable
                0x0000000008002cd4       0x10 build/system_stm32f3xx.o
                0x0000000008002cd4                AHBPrescTable
 .rodata.APBPrescTable
                0x0000000008002ce4        0x8 build/system_stm32f3xx.o
                0x0000000008002ce4                APBPrescTable
 .rodata._svfprintf_r.str1.1
                0x0000000008002cec       0x11 /home/filip/gccarm/gcc-arm-none-eabi-9-2020-q2-update/bin/../lib/gcc/arm-none-eabi/9.3.1/../../../../arm-none-eabi/lib/thumb/v7e-m+fp/hard/libc_nano.a(lib_a-nano-svfprintf.o)
 .rodata._printf_i.str1.1
                0x0000000008002cfd       0x22 /home/filip/gccarm/gcc-arm-none-eabi-9-2020-q2-update/bin/../lib/gcc/arm-none-eabi/9.3.1/../../../../arm-none-eabi/lib/thumb/v7e-m+fp/hard/libc_nano.a(lib_a-nano-vfprintf_i.o)
                0x0000000008002d20                . = ALIGN (0x4)
 *fill*         0x0000000008002d1f        0x1 

.rel.dyn        0x0000000008002d20        0x0
 .rel.iplt      0x0000000008002d20        0x0 /home/filip/gccarm/gcc-arm-none-eabi-9-2020-q2-update/bin/../lib/gcc/arm-none-eabi/9.3.1/thumb/v7e-m+fp/hard/crtbegin.o

.ARM.extab
 *(.ARM.extab* .gnu.linkonce.armextab.*)

.ARM            0x0000000008002d20        0x0
                0x0000000008002d20                __exidx_start = .
 *(.ARM.exidx*)
                0x0000000008002d20                __exidx_end = .

.preinit_array  0x0000000008002d20        0x0
                0x0000000008002d20                PROVIDE (__preinit_array_start = .)
 *(.preinit_array*)
                0x0000000008002d20                PROVIDE (__preinit_array_end = .)

.init_array     0x0000000008002d20        0x4
                0x0000000008002d20                PROVIDE (__init_array_start = .)
 *(SORT_BY_NAME(.init_array.*))
 *(.init_array*)
 .init_array    0x0000000008002d20        0x4 /home/filip/gccarm/gcc-arm-none-eabi-9-2020-q2-update/bin/../lib/gcc/arm-none-eabi/9.3.1/thumb/v7e-m+fp/hard/crtbegin.o
                0x0000000008002d24                PROVIDE (__init_array_end = .)

.fini_array     0x0000000008002d24        0x4
                [!provide]                        PROVIDE (__fini_array_start = .)
 *(SORT_BY_NAME(.fini_array.*))
 *(.fini_array*)
 .fini_array    0x0000000008002d24        0x4 /home/filip/gccarm/gcc-arm-none-eabi-9-2020-q2-update/bin/../lib/gcc/arm-none-eabi/9.3.1/thumb/v7e-m+fp/hard/crtbegin.o
                [!provide]                        PROVIDE (__fini_array_end = .)
                0x0000000008002d28                _sidata = LOADADDR (.data)

.data           0x0000000020000000       0x70 load address 0x0000000008002d28
                0x0000000020000000                . = ALIGN (0x4)
                0x0000000020000000                _sdata = .
 *(.data)
 *(.data*)
 .data.uwTickFreq
                0x0000000020000000        0x1 build/stm32f3xx_hal.o
                0x0000000020000000                uwTickFreq
 *fill*         0x0000000020000001        0x3 
 .data.uwTickPrio
                0x0000000020000004        0x4 build/stm32f3xx_hal.o
                0x0000000020000004                uwTickPrio
 .data.SystemCoreClock
                0x0000000020000008        0x4 build/system_stm32f3xx.o
                0x0000000020000008                SystemCoreClock
 .data._impure_ptr
                0x000000002000000c        0x4 /home/filip/gccarm/gcc-arm-none-eabi-9-2020-q2-update/bin/../lib/gcc/arm-none-eabi/9.3.1/../../../../arm-none-eabi/lib/thumb/v7e-m+fp/hard/libc_nano.a(lib_a-impure.o)
                0x000000002000000c                _impure_ptr
 .data.impure_data
                0x0000000020000010       0x60 /home/filip/gccarm/gcc-arm-none-eabi-9-2020-q2-update/bin/../lib/gcc/arm-none-eabi/9.3.1/../../../../arm-none-eabi/lib/thumb/v7e-m+fp/hard/libc_nano.a(lib_a-impure.o)
                0x0000000020000070                . = ALIGN (0x4)
                0x0000000020000070                _edata = .
                0x0000000008002d98                _siccmram = LOADADDR (.ccmram)

.igot.plt       0x0000000020000070        0x0 load address 0x0000000008002d98
 .igot.plt      0x0000000020000070        0x0 /home/filip/gccarm/gcc-arm-none-eabi-9-2020-q2-update/bin/../lib/gcc/arm-none-eabi/9.3.1/thumb/v7e-m+fp/hard/crtbegin.o

.ccmram         0x0000000010000000        0x0 load address 0x0000000008002d98
                0x0000000010000000                . = ALIGN (0x4)
                0x0000000010000000                _sccmram = .
 *(.ccmram)
 *(.ccmram*)
                0x0000000010000000                . = ALIGN (0x4)
                0x0000000010000000                _eccmram = .
                0x0000000010000000                . = ALIGN (0x4)

.bss            0x0000000020000070      0x1a4
                0x0000000020000070                _sbss = .
                0x0000000020000070                __bss_start__ = _sbss
 *(.bss)
 .bss           0x0000000020000070       0x1c /home/filip/gccarm/gcc-arm-none-eabi-9-2020-q2-update/bin/../lib/gcc/arm-none-eabi/9.3.1/thumb/v7e-m+fp/hard/crtbegin.o
 *(.bss*)
 .bss.__malloc_free_list
                0x000000002000008c        0x4 /home/filip/gccarm/gcc-arm-none-eabi-9-2020-q2-update/bin/../lib/gcc/arm-none-eabi/9.3.1/../../../../arm-none-eabi/lib/thumb/v7e-m+fp/hard/libc_nano.a(lib_a-nano-mallocr.o)
                0x000000002000008c                __malloc_free_list
 .bss.__malloc_sbrk_start
                0x0000000020000090        0x4 /home/filip/gccarm/gcc-arm-none-eabi-9-2020-q2-update/bin/../lib/gcc/arm-none-eabi/9.3.1/../../../../arm-none-eabi/lib/thumb/v7e-m+fp/hard/libc_nano.a(lib_a-nano-mallocr.o)
                0x0000000020000090                __malloc_sbrk_start
 .bss.heap_end.5507
                0x0000000020000094        0x4 /home/filip/gccarm/gcc-arm-none-eabi-9-2020-q2-update/bin/../lib/gcc/arm-none-eabi/9.3.1/../../../../arm-none-eabi/lib/thumb/v7e-m+fp/hard/libnosys.a(sbrk.o)
 *(COMMON)
 COMMON         0x0000000020000098       0xe0 build/main.o
                0x0000000020000098                hdac1
                0x00000000200000ac                huart1
                0x0000000020000130                hi2s2
 COMMON         0x0000000020000178        0x4 build/stm32f3xx_hal.o
                0x0000000020000178                uwTick
 COMMON         0x000000002000017c       0x88 build/utils.o
                0x000000002000017c                print_config
 COMMON         0x0000000020000204        0x4 /home/filip/gccarm/gcc-arm-none-eabi-9-2020-q2-update/bin/../lib/gcc/arm-none-eabi/9.3.1/../../../../arm-none-eabi/lib/thumb/v7e-m+fp/hard/libc_nano.a(lib_a-reent.o)
                0x0000000020000204                errno
 COMMON         0x0000000020000208        0x9 /home/filip/gccarm/gcc-arm-none-eabi-9-2020-q2-update/bin/../lib/gcc/arm-none-eabi/9.3.1/../../../../arm-none-eabi/lib/thumb/v7e-m+fp/hard/libc_nano.a(lib_a-lock.o)
                0x0000000020000208                __lock___atexit_recursive_mutex
                0x0000000020000209                __lock___arc4random_mutex
                0x000000002000020a                __lock___env_recursive_mutex
                0x000000002000020b                __lock___sinit_recursive_mutex
                0x000000002000020c                __lock___malloc_recursive_mutex
                0x000000002000020d                __lock___at_quick_exit_mutex
                0x000000002000020e                __lock___dd_hash_mutex
                0x000000002000020f                __lock___tz_mutex
                0x0000000020000210                __lock___sfp_recursive_mutex
                0x0000000020000214                . = ALIGN (0x4)
 *fill*         0x0000000020000211        0x3 
                0x0000000020000214                _ebss = .
                0x0000000020000214                __bss_end__ = _ebss

._user_heap_stack
                0x0000000020000214      0x604
                0x0000000020000218                . = ALIGN (0x8)
 *fill*         0x0000000020000214        0x4 
                0x0000000020000218                PROVIDE (end = .)
                [!provide]                        PROVIDE (_end = .)
                0x0000000020000418                . = (. + _Min_Heap_Size)
 *fill*         0x0000000020000218      0x200 
                0x0000000020000818                . = (. + _Min_Stack_Size)
 *fill*         0x0000000020000418      0x400 
                0x0000000020000818                . = ALIGN (0x8)

/DISCARD/
 libc.a(*)
 libm.a(*)
 libgcc.a(*)

.ARM.attributes
                0x0000000000000000       0x30
 *(.ARM.attributes)
 .ARM.attributes
                0x0000000000000000       0x1e /home/filip/gccarm/gcc-arm-none-eabi-9-2020-q2-update/bin/../lib/gcc/arm-none-eabi/9.3.1/thumb/v7e-m+fp/hard/crti.o
 .ARM.attributes
                0x000000000000001e       0x34 /home/filip/gccarm/gcc-arm-none-eabi-9-2020-q2-update/bin/../lib/gcc/arm-none-eabi/9.3.1/thumb/v7e-m+fp/hard/crtbegin.o
 .ARM.attributes
                0x0000000000000052       0x34 build/main.o
 .ARM.attributes
                0x0000000000000086       0x34 build/stm32f3xx_it.o
 .ARM.attributes
                0x00000000000000ba       0x34 build/stm32f3xx_hal_msp.o
 .ARM.attributes
                0x00000000000000ee       0x34 build/stm32f3xx_hal_dac.o
 .ARM.attributes
                0x0000000000000122       0x34 build/stm32f3xx_hal_dac_ex.o
 .ARM.attributes
                0x0000000000000156       0x34 build/stm32f3xx_hal.o
 .ARM.attributes
                0x000000000000018a       0x34 build/stm32f3xx_hal_rcc.o
 .ARM.attributes
                0x00000000000001be       0x34 build/stm32f3xx_hal_rcc_ex.o
 .ARM.attributes
                0x00000000000001f2       0x34 build/stm32f3xx_hal_gpio.o
 .ARM.attributes
                0x0000000000000226       0x34 build/stm32f3xx_hal_cortex.o
 .ARM.attributes
                0x000000000000025a       0x34 build/stm32f3xx_hal_i2s.o
 .ARM.attributes
                0x000000000000028e       0x34 build/stm32f3xx_hal_i2s_ex.o
 .ARM.attributes
                0x00000000000002c2       0x34 build/system_stm32f3xx.o
 .ARM.attributes
                0x00000000000002f6       0x34 build/utils.o
 .ARM.attributes
                0x000000000000032a       0x34 build/stm32f3xx_hal_uart.o
 .ARM.attributes
                0x000000000000035e       0x21 build/startup_stm32f303xe.o
 .ARM.attributes
                0x000000000000037f       0x32 /home/filip/gccarm/gcc-arm-none-eabi-9-2020-q2-update/bin/../lib/gcc/arm-none-eabi/9.3.1/../../../../arm-none-eabi/lib/thumb/v7e-m+fp/hard/libc_nano.a(lib_a-impure.o)
 .ARM.attributes
                0x00000000000003b1       0x34 /home/filip/gccarm/gcc-arm-none-eabi-9-2020-q2-update/bin/../lib/gcc/arm-none-eabi/9.3.1/../../../../arm-none-eabi/lib/thumb/v7e-m+fp/hard/libc_nano.a(lib_a-init.o)
 .ARM.attributes
                0x00000000000003e5       0x34 /home/filip/gccarm/gcc-arm-none-eabi-9-2020-q2-update/bin/../lib/gcc/arm-none-eabi/9.3.1/../../../../arm-none-eabi/lib/thumb/v7e-m+fp/hard/libc_nano.a(lib_a-memset.o)
 .ARM.attributes
                0x0000000000000419       0x34 /home/filip/gccarm/gcc-arm-none-eabi-9-2020-q2-update/bin/../lib/gcc/arm-none-eabi/9.3.1/../../../../arm-none-eabi/lib/thumb/v7e-m+fp/hard/libc_nano.a(lib_a-sprintf.o)
 .ARM.attributes
                0x000000000000044d       0x34 /home/filip/gccarm/gcc-arm-none-eabi-9-2020-q2-update/bin/../lib/gcc/arm-none-eabi/9.3.1/../../../../arm-none-eabi/lib/thumb/v7e-m+fp/hard/libc_nano.a(lib_a-nano-svfprintf.o)
 .ARM.attributes
                0x0000000000000481       0x34 /home/filip/gccarm/gcc-arm-none-eabi-9-2020-q2-update/bin/../lib/gcc/arm-none-eabi/9.3.1/../../../../arm-none-eabi/lib/thumb/v7e-m+fp/hard/libc_nano.a(lib_a-nano-vfprintf_i.o)
 .ARM.attributes
                0x00000000000004b5       0x1c /home/filip/gccarm/gcc-arm-none-eabi-9-2020-q2-update/bin/../lib/gcc/arm-none-eabi/9.3.1/../../../../arm-none-eabi/lib/thumb/v7e-m+fp/hard/libc_nano.a(lib_a-memchr.o)
 .ARM.attributes
                0x00000000000004d1       0x34 /home/filip/gccarm/gcc-arm-none-eabi-9-2020-q2-update/bin/../lib/gcc/arm-none-eabi/9.3.1/../../../../arm-none-eabi/lib/thumb/v7e-m+fp/hard/libc_nano.a(lib_a-memcpy-stub.o)
 .ARM.attributes
                0x0000000000000505       0x34 /home/filip/gccarm/gcc-arm-none-eabi-9-2020-q2-update/bin/../lib/gcc/arm-none-eabi/9.3.1/../../../../arm-none-eabi/lib/thumb/v7e-m+fp/hard/libc_nano.a(lib_a-memmove.o)
 .ARM.attributes
                0x0000000000000539       0x34 /home/filip/gccarm/gcc-arm-none-eabi-9-2020-q2-update/bin/../lib/gcc/arm-none-eabi/9.3.1/../../../../arm-none-eabi/lib/thumb/v7e-m+fp/hard/libc_nano.a(lib_a-nano-freer.o)
 .ARM.attributes
                0x000000000000056d       0x34 /home/filip/gccarm/gcc-arm-none-eabi-9-2020-q2-update/bin/../lib/gcc/arm-none-eabi/9.3.1/../../../../arm-none-eabi/lib/thumb/v7e-m+fp/hard/libc_nano.a(lib_a-nano-mallocr.o)
 .ARM.attributes
                0x00000000000005a1       0x34 /home/filip/gccarm/gcc-arm-none-eabi-9-2020-q2-update/bin/../lib/gcc/arm-none-eabi/9.3.1/../../../../arm-none-eabi/lib/thumb/v7e-m+fp/hard/libc_nano.a(lib_a-nano-reallocr.o)
 .ARM.attributes
                0x00000000000005d5       0x34 /home/filip/gccarm/gcc-arm-none-eabi-9-2020-q2-update/bin/../lib/gcc/arm-none-eabi/9.3.1/../../../../arm-none-eabi/lib/thumb/v7e-m+fp/hard/libc_nano.a(lib_a-sbrkr.o)
 .ARM.attributes
                0x0000000000000609       0x34 /home/filip/gccarm/gcc-arm-none-eabi-9-2020-q2-update/bin/../lib/gcc/arm-none-eabi/9.3.1/../../../../arm-none-eabi/lib/thumb/v7e-m+fp/hard/libc_nano.a(lib_a-mlock.o)
 .ARM.attributes
                0x000000000000063d       0x34 /home/filip/gccarm/gcc-arm-none-eabi-9-2020-q2-update/bin/../lib/gcc/arm-none-eabi/9.3.1/../../../../arm-none-eabi/lib/thumb/v7e-m+fp/hard/libc_nano.a(lib_a-nano-msizer.o)
 .ARM.attributes
                0x0000000000000671       0x34 /home/filip/gccarm/gcc-arm-none-eabi-9-2020-q2-update/bin/../lib/gcc/arm-none-eabi/9.3.1/../../../../arm-none-eabi/lib/thumb/v7e-m+fp/hard/libc_nano.a(lib_a-reent.o)
 .ARM.attributes
                0x00000000000006a5       0x34 /home/filip/gccarm/gcc-arm-none-eabi-9-2020-q2-update/bin/../lib/gcc/arm-none-eabi/9.3.1/../../../../arm-none-eabi/lib/thumb/v7e-m+fp/hard/libc_nano.a(lib_a-lock.o)
 .ARM.attributes
                0x00000000000006d9       0x34 /home/filip/gccarm/gcc-arm-none-eabi-9-2020-q2-update/bin/../lib/gcc/arm-none-eabi/9.3.1/../../../../arm-none-eabi/lib/thumb/v7e-m+fp/hard/libnosys.a(sbrk.o)
 .ARM.attributes
                0x000000000000070d       0x1e /home/filip/gccarm/gcc-arm-none-eabi-9-2020-q2-update/bin/../lib/gcc/arm-none-eabi/9.3.1/thumb/v7e-m+fp/hard/crtn.o
OUTPUT(build/I2S_to_DAC.elf elf32-littlearm)
LOAD linker stubs
LOAD /home/filip/gccarm/gcc-arm-none-eabi-9-2020-q2-update/bin/../lib/gcc/arm-none-eabi/9.3.1/../../../../arm-none-eabi/lib/thumb/v7e-m+fp/hard/libc.a
LOAD /home/filip/gccarm/gcc-arm-none-eabi-9-2020-q2-update/bin/../lib/gcc/arm-none-eabi/9.3.1/../../../../arm-none-eabi/lib/thumb/v7e-m+fp/hard/libm.a
LOAD /home/filip/gccarm/gcc-arm-none-eabi-9-2020-q2-update/bin/../lib/gcc/arm-none-eabi/9.3.1/thumb/v7e-m+fp/hard/libgcc.a

.debug_info     0x0000000000000000     0xf19e
 .debug_info    0x0000000000000000     0x2100 build/main.o
 .debug_info    0x0000000000002100      0x275 build/stm32f3xx_it.o
 .debug_info    0x0000000000002375     0x113b build/stm32f3xx_hal_msp.o
 .debug_info    0x00000000000034b0      0xabc build/stm32f3xx_hal_dac.o
 .debug_info    0x0000000000003f6c      0xd4e build/stm32f3xx_hal_dac_ex.o
 .debug_info    0x0000000000004cba      0x9f1 build/stm32f3xx_hal.o
 .debug_info    0x00000000000056ab     0x176f build/stm32f3xx_hal_rcc.o
 .debug_info    0x0000000000006e1a      0x977 build/stm32f3xx_hal_rcc_ex.o
 .debug_info    0x0000000000007791      0x921 build/stm32f3xx_hal_gpio.o
 .debug_info    0x00000000000080b2     0x11cc build/stm32f3xx_hal_cortex.o
 .debug_info    0x000000000000927e     0x1514 build/stm32f3xx_hal_i2s.o
 .debug_info    0x000000000000a792      0xfa5 build/stm32f3xx_hal_i2s_ex.o
 .debug_info    0x000000000000b737      0x509 build/system_stm32f3xx.o
 .debug_info    0x000000000000bc40     0x1302 build/utils.o
 .debug_info    0x000000000000cf42     0x223a build/stm32f3xx_hal_uart.o
 .debug_info    0x000000000000f17c       0x22 build/startup_stm32f303xe.o

.debug_abbrev   0x0000000000000000     0x24fb
 .debug_abbrev  0x0000000000000000      0x351 build/main.o
 .debug_abbrev  0x0000000000000351       0xf2 build/stm32f3xx_it.o
 .debug_abbrev  0x0000000000000443      0x1ca build/stm32f3xx_hal_msp.o
 .debug_abbrev  0x000000000000060d      0x1f5 build/stm32f3xx_hal_dac.o
 .debug_abbrev  0x0000000000000802      0x2e6 build/stm32f3xx_hal_dac_ex.o
 .debug_abbrev  0x0000000000000ae8      0x21c build/stm32f3xx_hal.o
 .debug_abbrev  0x0000000000000d04      0x337 build/stm32f3xx_hal_rcc.o
 .debug_abbrev  0x000000000000103b      0x292 build/stm32f3xx_hal_rcc_ex.o
 .debug_abbrev  0x00000000000012cd      0x24f build/stm32f3xx_hal_gpio.o
 .debug_abbrev  0x000000000000151c      0x3a8 build/stm32f3xx_hal_cortex.o
 .debug_abbrev  0x00000000000018c4      0x29f build/stm32f3xx_hal_i2s.o
 .debug_abbrev  0x0000000000001b63      0x2cd build/stm32f3xx_hal_i2s_ex.o
 .debug_abbrev  0x0000000000001e30      0x14a build/system_stm32f3xx.o
 .debug_abbrev  0x0000000000001f7a      0x2b8 build/utils.o
 .debug_abbrev  0x0000000000002232      0x2b7 build/stm32f3xx_hal_uart.o
 .debug_abbrev  0x00000000000024e9       0x12 build/startup_stm32f303xe.o

.debug_loc      0x0000000000000000     0x84c8
 .debug_loc     0x0000000000000000      0x15f build/main.o
 .debug_loc     0x000000000000015f       0x20 build/stm32f3xx_it.o
 .debug_loc     0x000000000000017f      0x2f0 build/stm32f3xx_hal_msp.o
 .debug_loc     0x000000000000046f      0x350 build/stm32f3xx_hal_dac.o
 .debug_loc     0x00000000000007bf      0xb4b build/stm32f3xx_hal_dac_ex.o
 .debug_loc     0x000000000000130a      0x1e1 build/stm32f3xx_hal.o
 .debug_loc     0x00000000000014eb      0xf88 build/stm32f3xx_hal_rcc.o
 .debug_loc     0x0000000000002473      0xe41 build/stm32f3xx_hal_rcc_ex.o
 .debug_loc     0x00000000000032b4      0x3f6 build/stm32f3xx_hal_gpio.o
 .debug_loc     0x00000000000036aa      0x7d4 build/stm32f3xx_hal_cortex.o
 .debug_loc     0x0000000000003e7e     0x1358 build/stm32f3xx_hal_i2s.o
 .debug_loc     0x00000000000051d6      0xd18 build/stm32f3xx_hal_i2s_ex.o
 .debug_loc     0x0000000000005eee      0x124 build/system_stm32f3xx.o
 .debug_loc     0x0000000000006012      0x1c6 build/utils.o
 .debug_loc     0x00000000000061d8     0x22f0 build/stm32f3xx_hal_uart.o

.debug_aranges  0x0000000000000000      0x938
 .debug_aranges
                0x0000000000000000       0x50 build/main.o
 .debug_aranges
                0x0000000000000050       0x60 build/stm32f3xx_it.o
 .debug_aranges
                0x00000000000000b0       0x50 build/stm32f3xx_hal_msp.o
 .debug_aranges
                0x0000000000000100       0xa8 build/stm32f3xx_hal_dac.o
 .debug_aranges
                0x00000000000001a8       0xb8 build/stm32f3xx_hal_dac_ex.o
 .debug_aranges
                0x0000000000000260       0xe0 build/stm32f3xx_hal.o
 .debug_aranges
                0x0000000000000340       0x88 build/stm32f3xx_hal_rcc.o
 .debug_aranges
                0x00000000000003c8       0x38 build/stm32f3xx_hal_rcc_ex.o
 .debug_aranges
                0x0000000000000400       0x58 build/stm32f3xx_hal_gpio.o
 .debug_aranges
                0x0000000000000458       0xa8 build/stm32f3xx_hal_cortex.o
 .debug_aranges
                0x0000000000000500      0x108 build/stm32f3xx_hal_i2s.o
 .debug_aranges
                0x0000000000000608       0x88 build/stm32f3xx_hal_i2s_ex.o
 .debug_aranges
                0x0000000000000690       0x28 build/system_stm32f3xx.o
 .debug_aranges
                0x00000000000006b8       0x30 build/utils.o
 .debug_aranges
                0x00000000000006e8      0x228 build/stm32f3xx_hal_uart.o
 .debug_aranges
                0x0000000000000910       0x28 build/startup_stm32f303xe.o

.debug_ranges   0x0000000000000000      0x938
 .debug_ranges  0x0000000000000000       0x70 build/main.o
 .debug_ranges  0x0000000000000070       0x50 build/stm32f3xx_it.o
 .debug_ranges  0x00000000000000c0       0x40 build/stm32f3xx_hal_msp.o
 .debug_ranges  0x0000000000000100       0x98 build/stm32f3xx_hal_dac.o
 .debug_ranges  0x0000000000000198       0xa8 build/stm32f3xx_hal_dac_ex.o
 .debug_ranges  0x0000000000000240       0xd0 build/stm32f3xx_hal.o
 .debug_ranges  0x0000000000000310       0x98 build/stm32f3xx_hal_rcc.o
 .debug_ranges  0x00000000000003a8       0x28 build/stm32f3xx_hal_rcc_ex.o
 .debug_ranges  0x00000000000003d0       0x48 build/stm32f3xx_hal_gpio.o
 .debug_ranges  0x0000000000000418       0xf8 build/stm32f3xx_hal_cortex.o
 .debug_ranges  0x0000000000000510      0x128 build/stm32f3xx_hal_i2s.o
 .debug_ranges  0x0000000000000638       0x90 build/stm32f3xx_hal_i2s_ex.o
 .debug_ranges  0x00000000000006c8       0x18 build/system_stm32f3xx.o
 .debug_ranges  0x00000000000006e0       0x20 build/utils.o
 .debug_ranges  0x0000000000000700      0x218 build/stm32f3xx_hal_uart.o
 .debug_ranges  0x0000000000000918       0x20 build/startup_stm32f303xe.o

.debug_line     0x0000000000000000     0x9d9d
 .debug_line    0x0000000000000000      0x69b build/main.o
 .debug_line    0x000000000000069b      0x2a0 build/stm32f3xx_it.o
 .debug_line    0x000000000000093b      0x437 build/stm32f3xx_hal_msp.o
 .debug_line    0x0000000000000d72      0x4cb build/stm32f3xx_hal_dac.o
 .debug_line    0x000000000000123d      0x8b0 build/stm32f3xx_hal_dac_ex.o
 .debug_line    0x0000000000001aed      0x51e build/stm32f3xx_hal.o
 .debug_line    0x000000000000200b     0x11da build/stm32f3xx_hal_rcc.o
 .debug_line    0x00000000000031e5      0xdb7 build/stm32f3xx_hal_rcc_ex.o
 .debug_line    0x0000000000003f9c      0x6ce build/stm32f3xx_hal_gpio.o
 .debug_line    0x000000000000466a      0x76d build/stm32f3xx_hal_cortex.o
 .debug_line    0x0000000000004dd7     0x1439 build/stm32f3xx_hal_i2s.o
 .debug_line    0x0000000000006210     0x11b7 build/stm32f3xx_hal_i2s_ex.o
 .debug_line    0x00000000000073c7      0x279 build/system_stm32f3xx.o
 .debug_line    0x0000000000007640      0x365 build/utils.o
 .debug_line    0x00000000000079a5     0x2382 build/stm32f3xx_hal_uart.o
 .debug_line    0x0000000000009d27       0x76 build/startup_stm32f303xe.o

.debug_str      0x0000000000000000     0x333a
 .debug_str     0x0000000000000000     0x11d0 build/main.o
                                       0x12d5 (size before relaxing)
 .debug_str     0x00000000000011d0       0xb4 build/stm32f3xx_it.o
                                        0x2f7 (size before relaxing)
 .debug_str     0x0000000000001284       0xce build/stm32f3xx_hal_msp.o
                                        0xa76 (size before relaxing)
 .debug_str     0x0000000000001352      0x182 build/stm32f3xx_hal_dac.o
                                        0x792 (size before relaxing)
 .debug_str     0x00000000000014d4      0x1be build/stm32f3xx_hal_dac_ex.o
                                        0x89b (size before relaxing)
 .debug_str     0x0000000000001692      0x711 build/stm32f3xx_hal.o
                                        0xa3e (size before relaxing)
 .debug_str     0x0000000000001da3      0x1fe build/stm32f3xx_hal_rcc.o
                                        0x6f1 (size before relaxing)
 .debug_str     0x0000000000001fa1       0xc5 build/stm32f3xx_hal_rcc_ex.o
                                        0x65a (size before relaxing)
 .debug_str     0x0000000000002066      0x190 build/stm32f3xx_hal_gpio.o
                                        0x561 (size before relaxing)
 .debug_str     0x00000000000021f6      0x4a9 build/stm32f3xx_hal_cortex.o
                                        0xc65 (size before relaxing)
 .debug_str     0x000000000000269f      0x25c build/stm32f3xx_hal_i2s.o
                                        0xb60 (size before relaxing)
 .debug_str     0x00000000000028fb      0x1f9 build/stm32f3xx_hal_i2s_ex.o
                                        0x8b0 (size before relaxing)
 .debug_str     0x0000000000002af4       0x52 build/system_stm32f3xx.o
                                        0x350 (size before relaxing)
 .debug_str     0x0000000000002b46       0x52 build/utils.o
                                        0xaec (size before relaxing)
 .debug_str     0x0000000000002b98      0x77e build/stm32f3xx_hal_uart.o
                                        0xf5b (size before relaxing)
 .debug_str     0x0000000000003316       0x24 build/startup_stm32f303xe.o
                                         0x41 (size before relaxing)

.comment        0x0000000000000000       0x4c
 .comment       0x0000000000000000       0x4c build/main.o
                                         0x4d (size before relaxing)
 .comment       0x000000000000004c       0x4d build/stm32f3xx_it.o
 .comment       0x000000000000004c       0x4d build/stm32f3xx_hal_msp.o
 .comment       0x000000000000004c       0x4d build/stm32f3xx_hal_dac.o
 .comment       0x000000000000004c       0x4d build/stm32f3xx_hal_dac_ex.o
 .comment       0x000000000000004c       0x4d build/stm32f3xx_hal.o
 .comment       0x000000000000004c       0x4d build/stm32f3xx_hal_rcc.o
 .comment       0x000000000000004c       0x4d build/stm32f3xx_hal_rcc_ex.o
 .comment       0x000000000000004c       0x4d build/stm32f3xx_hal_gpio.o
 .comment       0x000000000000004c       0x4d build/stm32f3xx_hal_cortex.o
 .comment       0x000000000000004c       0x4d build/stm32f3xx_hal_i2s.o
 .comment       0x000000000000004c       0x4d build/stm32f3xx_hal_i2s_ex.o
 .comment       0x000000000000004c       0x4d build/system_stm32f3xx.o
 .comment       0x000000000000004c       0x4d build/utils.o
 .comment       0x000000000000004c       0x4d build/stm32f3xx_hal_uart.o

.debug_frame    0x0000000000000000     0x1b0c
 .debug_frame   0x0000000000000000       0xd0 build/main.o
 .debug_frame   0x00000000000000d0       0xa8 build/stm32f3xx_it.o
 .debug_frame   0x0000000000000178       0xd4 build/stm32f3xx_hal_msp.o
 .debug_frame   0x000000000000024c      0x15c build/stm32f3xx_hal_dac.o
 .debug_frame   0x00000000000003a8      0x1e8 build/stm32f3xx_hal_dac_ex.o
 .debug_frame   0x0000000000000590      0x1cc build/stm32f3xx_hal.o
 .debug_frame   0x000000000000075c      0x170 build/stm32f3xx_hal_rcc.o
 .debug_frame   0x00000000000008cc       0x80 build/stm32f3xx_hal_rcc_ex.o
 .debug_frame   0x000000000000094c       0xd0 build/stm32f3xx_hal_gpio.o
 .debug_frame   0x0000000000000a1c      0x15c build/stm32f3xx_hal_cortex.o
 .debug_frame   0x0000000000000b78      0x330 build/stm32f3xx_hal_i2s.o
 .debug_frame   0x0000000000000ea8      0x198 build/stm32f3xx_hal_i2s_ex.o
 .debug_frame   0x0000000000001040       0x30 build/system_stm32f3xx.o
 .debug_frame   0x0000000000001070       0x5c build/utils.o
 .debug_frame   0x00000000000010cc      0x5fc build/stm32f3xx_hal_uart.o
 .debug_frame   0x00000000000016c8       0x2c /home/filip/gccarm/gcc-arm-none-eabi-9-2020-q2-update/bin/../lib/gcc/arm-none-eabi/9.3.1/../../../../arm-none-eabi/lib/thumb/v7e-m+fp/hard/libc_nano.a(lib_a-init.o)
 .debug_frame   0x00000000000016f4       0x20 /home/filip/gccarm/gcc-arm-none-eabi-9-2020-q2-update/bin/../lib/gcc/arm-none-eabi/9.3.1/../../../../arm-none-eabi/lib/thumb/v7e-m+fp/hard/libc_nano.a(lib_a-memset.o)
 .debug_frame   0x0000000000001714       0x6c /home/filip/gccarm/gcc-arm-none-eabi-9-2020-q2-update/bin/../lib/gcc/arm-none-eabi/9.3.1/../../../../arm-none-eabi/lib/thumb/v7e-m+fp/hard/libc_nano.a(lib_a-sprintf.o)
 .debug_frame   0x0000000000001780       0x90 /home/filip/gccarm/gcc-arm-none-eabi-9-2020-q2-update/bin/../lib/gcc/arm-none-eabi/9.3.1/../../../../arm-none-eabi/lib/thumb/v7e-m+fp/hard/libc_nano.a(lib_a-nano-svfprintf.o)
 .debug_frame   0x0000000000001810       0x60 /home/filip/gccarm/gcc-arm-none-eabi-9-2020-q2-update/bin/../lib/gcc/arm-none-eabi/9.3.1/../../../../arm-none-eabi/lib/thumb/v7e-m+fp/hard/libc_nano.a(lib_a-nano-vfprintf_i.o)
 .debug_frame   0x0000000000001870       0x28 /home/filip/gccarm/gcc-arm-none-eabi-9-2020-q2-update/bin/../lib/gcc/arm-none-eabi/9.3.1/../../../../arm-none-eabi/lib/thumb/v7e-m+fp/hard/libc_nano.a(lib_a-memcpy-stub.o)
 .debug_frame   0x0000000000001898       0x28 /home/filip/gccarm/gcc-arm-none-eabi-9-2020-q2-update/bin/../lib/gcc/arm-none-eabi/9.3.1/../../../../arm-none-eabi/lib/thumb/v7e-m+fp/hard/libc_nano.a(lib_a-memmove.o)
 .debug_frame   0x00000000000018c0       0x38 /home/filip/gccarm/gcc-arm-none-eabi-9-2020-q2-update/bin/../lib/gcc/arm-none-eabi/9.3.1/../../../../arm-none-eabi/lib/thumb/v7e-m+fp/hard/libc_nano.a(lib_a-nano-freer.o)
 .debug_frame   0x00000000000018f8       0x30 /home/filip/gccarm/gcc-arm-none-eabi-9-2020-q2-update/bin/../lib/gcc/arm-none-eabi/9.3.1/../../../../arm-none-eabi/lib/thumb/v7e-m+fp/hard/libc_nano.a(lib_a-nano-mallocr.o)
 .debug_frame   0x0000000000001928       0x3c /home/filip/gccarm/gcc-arm-none-eabi-9-2020-q2-update/bin/../lib/gcc/arm-none-eabi/9.3.1/../../../../arm-none-eabi/lib/thumb/v7e-m+fp/hard/libc_nano.a(lib_a-nano-reallocr.o)
 .debug_frame   0x0000000000001964       0x2c /home/filip/gccarm/gcc-arm-none-eabi-9-2020-q2-update/bin/../lib/gcc/arm-none-eabi/9.3.1/../../../../arm-none-eabi/lib/thumb/v7e-m+fp/hard/libc_nano.a(lib_a-sbrkr.o)
 .debug_frame   0x0000000000001990       0x30 /home/filip/gccarm/gcc-arm-none-eabi-9-2020-q2-update/bin/../lib/gcc/arm-none-eabi/9.3.1/../../../../arm-none-eabi/lib/thumb/v7e-m+fp/hard/libc_nano.a(lib_a-mlock.o)
 .debug_frame   0x00000000000019c0       0x20 /home/filip/gccarm/gcc-arm-none-eabi-9-2020-q2-update/bin/../lib/gcc/arm-none-eabi/9.3.1/../../../../arm-none-eabi/lib/thumb/v7e-m+fp/hard/libc_nano.a(lib_a-nano-msizer.o)
 .debug_frame   0x00000000000019e0       0x5c /home/filip/gccarm/gcc-arm-none-eabi-9-2020-q2-update/bin/../lib/gcc/arm-none-eabi/9.3.1/../../../../arm-none-eabi/lib/thumb/v7e-m+fp/hard/libc_nano.a(lib_a-reent.o)
 .debug_frame   0x0000000000001a3c       0xb0 /home/filip/gccarm/gcc-arm-none-eabi-9-2020-q2-update/bin/../lib/gcc/arm-none-eabi/9.3.1/../../../../arm-none-eabi/lib/thumb/v7e-m+fp/hard/libc_nano.a(lib_a-lock.o)
 .debug_frame   0x0000000000001aec       0x20 /home/filip/gccarm/gcc-arm-none-eabi-9-2020-q2-update/bin/../lib/gcc/arm-none-eabi/9.3.1/../../../../arm-none-eabi/lib/thumb/v7e-m+fp/hard/libnosys.a(sbrk.o)

Cross Reference Table

Symbol                                            File
ADC1_2_IRQHandler                                 build/startup_stm32f303xe.o
ADC3_IRQHandler                                   build/startup_stm32f303xe.o
ADC4_IRQHandler                                   build/startup_stm32f303xe.o
AHBPrescTable                                     build/system_stm32f3xx.o
                                                  build/stm32f3xx_hal_rcc.o
APBPrescTable                                     build/system_stm32f3xx.o
                                                  build/stm32f3xx_hal_rcc.o
BusFault_Handler                                  build/stm32f3xx_it.o
CAN_RX1_IRQHandler                                build/startup_stm32f303xe.o
CAN_SCE_IRQHandler                                build/startup_stm32f303xe.o
COMP1_2_3_IRQHandler                              build/startup_stm32f303xe.o
COMP4_5_6_IRQHandler                              build/startup_stm32f303xe.o
COMP7_IRQHandler                                  build/startup_stm32f303xe.o
DMA1_Channel1_IRQHandler                          build/startup_stm32f303xe.o
DMA1_Channel2_IRQHandler                          build/startup_stm32f303xe.o
DMA1_Channel3_IRQHandler                          build/startup_stm32f303xe.o
DMA1_Channel4_IRQHandler                          build/startup_stm32f303xe.o
DMA1_Channel5_IRQHandler                          build/startup_stm32f303xe.o
DMA1_Channel6_IRQHandler                          build/startup_stm32f303xe.o
DMA1_Channel7_IRQHandler                          build/startup_stm32f303xe.o
DMA2_Channel1_IRQHandler                          build/startup_stm32f303xe.o
DMA2_Channel2_IRQHandler                          build/startup_stm32f303xe.o
DMA2_Channel3_IRQHandler                          build/startup_stm32f303xe.o
DMA2_Channel4_IRQHandler                          build/startup_stm32f303xe.o
DMA2_Channel5_IRQHandler                          build/startup_stm32f303xe.o
DebugMon_Handler                                  build/stm32f3xx_it.o
Default_Handler                                   build/startup_stm32f303xe.o
EXTI0_IRQHandler                                  build/startup_stm32f303xe.o
EXTI15_10_IRQHandler                              build/startup_stm32f303xe.o
EXTI1_IRQHandler                                  build/startup_stm32f303xe.o
EXTI2_TSC_IRQHandler                              build/startup_stm32f303xe.o
EXTI3_IRQHandler                                  build/startup_stm32f303xe.o
EXTI4_IRQHandler                                  build/startup_stm32f303xe.o
EXTI9_5_IRQHandler                                build/startup_stm32f303xe.o
Error_Handler                                     build/main.o
FLASH_IRQHandler                                  build/startup_stm32f303xe.o
FLASH_PageErase                                   build/stm32f3xx_hal_flash_ex.o
                                                  build/stm32f3xx_hal_flash.o
FLASH_WaitForLastOperation                        build/stm32f3xx_hal_flash.o
                                                  build/stm32f3xx_hal_flash_ex.o
FMC_IRQHandler                                    build/startup_stm32f303xe.o
FPU_IRQHandler                                    build/startup_stm32f303xe.o
HAL_DACEx_ConvCpltCallbackCh2                     build/stm32f3xx_hal_dac_ex.o
HAL_DACEx_ConvHalfCpltCallbackCh2                 build/stm32f3xx_hal_dac_ex.o
HAL_DACEx_DMAUnderrunCallbackCh2                  build/stm32f3xx_hal_dac_ex.o
HAL_DACEx_DualGetValue                            build/stm32f3xx_hal_dac_ex.o
                                                  build/stm32f3xx_hal_dac.o
HAL_DACEx_DualSetValue                            build/stm32f3xx_hal_dac_ex.o
                                                  build/stm32f3xx_hal_dac.o
HAL_DACEx_ErrorCallbackCh2                        build/stm32f3xx_hal_dac_ex.o
HAL_DACEx_NoiseWaveGenerate                       build/stm32f3xx_hal_dac_ex.o
HAL_DACEx_TriangleWaveGenerate                    build/stm32f3xx_hal_dac_ex.o
HAL_DAC_ConfigChannel                             build/stm32f3xx_hal_dac_ex.o
                                                  build/stm32f3xx_hal_dac.o
                                                  build/main.o
HAL_DAC_ConvCpltCallbackCh1                       build/stm32f3xx_hal_dac.o
                                                  build/stm32f3xx_hal_dac_ex.o
HAL_DAC_ConvHalfCpltCallbackCh1                   build/stm32f3xx_hal_dac.o
                                                  build/stm32f3xx_hal_dac_ex.o
HAL_DAC_DMAUnderrunCallbackCh1                    build/stm32f3xx_hal_dac.o
                                                  build/stm32f3xx_hal_dac_ex.o
HAL_DAC_DeInit                                    build/stm32f3xx_hal_dac.o
HAL_DAC_ErrorCallbackCh1                          build/stm32f3xx_hal_dac.o
                                                  build/stm32f3xx_hal_dac_ex.o
HAL_DAC_GetError                                  build/stm32f3xx_hal_dac.o
HAL_DAC_GetState                                  build/stm32f3xx_hal_dac.o
HAL_DAC_GetValue                                  build/stm32f3xx_hal_dac_ex.o
                                                  build/stm32f3xx_hal_dac.o
HAL_DAC_IRQHandler                                build/stm32f3xx_hal_dac_ex.o
HAL_DAC_Init                                      build/stm32f3xx_hal_dac.o
                                                  build/main.o
HAL_DAC_MspDeInit                                 build/stm32f3xx_hal_msp.o
HAL_DAC_MspInit                                   build/stm32f3xx_hal_msp.o
HAL_DAC_SetValue                                  build/stm32f3xx_hal_dac_ex.o
                                                  build/stm32f3xx_hal_dac.o
HAL_DAC_Start                                     build/stm32f3xx_hal_dac_ex.o
                                                  build/stm32f3xx_hal_dac.o
HAL_DAC_Start_DMA                                 build/stm32f3xx_hal_dac_ex.o
HAL_DAC_Stop                                      build/stm32f3xx_hal_dac.o
HAL_DAC_Stop_DMA                                  build/stm32f3xx_hal_dac.o
HAL_DBGMCU_DisableDBGSleepMode                    build/stm32f3xx_hal.o
HAL_DBGMCU_DisableDBGStandbyMode                  build/stm32f3xx_hal.o
HAL_DBGMCU_DisableDBGStopMode                     build/stm32f3xx_hal.o
HAL_DBGMCU_EnableDBGSleepMode                     build/stm32f3xx_hal.o
HAL_DBGMCU_EnableDBGStandbyMode                   build/stm32f3xx_hal.o
HAL_DBGMCU_EnableDBGStopMode                      build/stm32f3xx_hal.o
HAL_DMA_Abort                                     build/stm32f3xx_hal_dma.o
                                                  build/stm32f3xx_hal_uart.o
                                                  build/stm32f3xx_hal_i2s.o
                                                  build/stm32f3xx_hal_dac.o
HAL_DMA_Abort_IT                                  build/stm32f3xx_hal_dma.o
                                                  build/stm32f3xx_hal_uart.o
                                                  build/stm32f3xx_hal_i2c.o
HAL_DMA_DeInit                                    build/stm32f3xx_hal_dma.o
HAL_DMA_GetError                                  build/stm32f3xx_hal_dma.o
                                                  build/stm32f3xx_hal_uart.o
HAL_DMA_GetState                                  build/stm32f3xx_hal_dma.o
                                                  build/stm32f3xx_hal_i2c.o
HAL_DMA_IRQHandler                                build/stm32f3xx_hal_dma.o
HAL_DMA_Init                                      build/stm32f3xx_hal_dma.o
HAL_DMA_PollForTransfer                           build/stm32f3xx_hal_dma.o
HAL_DMA_RegisterCallback                          build/stm32f3xx_hal_dma.o
HAL_DMA_Start                                     build/stm32f3xx_hal_dma.o
HAL_DMA_Start_IT                                  build/stm32f3xx_hal_dma.o
                                                  build/stm32f3xx_hal_uart.o
                                                  build/stm32f3xx_hal_i2s_ex.o
                                                  build/stm32f3xx_hal_i2s.o
                                                  build/stm32f3xx_hal_i2c.o
                                                  build/stm32f3xx_hal_dac_ex.o
HAL_DMA_UnRegisterCallback                        build/stm32f3xx_hal_dma.o
HAL_DeInit                                        build/stm32f3xx_hal.o
HAL_Delay                                         build/stm32f3xx_hal.o
                                                  build/main.o
HAL_EXTI_ClearConfigLine                          build/stm32f3xx_hal_exti.o
HAL_EXTI_ClearPending                             build/stm32f3xx_hal_exti.o
HAL_EXTI_GenerateSWI                              build/stm32f3xx_hal_exti.o
HAL_EXTI_GetConfigLine                            build/stm32f3xx_hal_exti.o
HAL_EXTI_GetHandle                                build/stm32f3xx_hal_exti.o
HAL_EXTI_GetPending                               build/stm32f3xx_hal_exti.o
HAL_EXTI_IRQHandler                               build/stm32f3xx_hal_exti.o
HAL_EXTI_RegisterCallback                         build/stm32f3xx_hal_exti.o
HAL_EXTI_SetConfigLine                            build/stm32f3xx_hal_exti.o
HAL_FLASHEx_Erase                                 build/stm32f3xx_hal_flash_ex.o
HAL_FLASHEx_Erase_IT                              build/stm32f3xx_hal_flash_ex.o
HAL_FLASHEx_OBErase                               build/stm32f3xx_hal_flash_ex.o
HAL_FLASHEx_OBGetConfig                           build/stm32f3xx_hal_flash_ex.o
HAL_FLASHEx_OBGetUserData                         build/stm32f3xx_hal_flash_ex.o
HAL_FLASHEx_OBProgram                             build/stm32f3xx_hal_flash_ex.o
HAL_FLASH_EndOfOperationCallback                  build/stm32f3xx_hal_flash.o
HAL_FLASH_GetError                                build/stm32f3xx_hal_flash.o
HAL_FLASH_IRQHandler                              build/stm32f3xx_hal_flash.o
HAL_FLASH_Lock                                    build/stm32f3xx_hal_flash.o
HAL_FLASH_OB_Launch                               build/stm32f3xx_hal_flash.o
HAL_FLASH_OB_Lock                                 build/stm32f3xx_hal_flash.o
HAL_FLASH_OB_Unlock                               build/stm32f3xx_hal_flash.o
HAL_FLASH_OperationErrorCallback                  build/stm32f3xx_hal_flash.o
HAL_FLASH_Program                                 build/stm32f3xx_hal_flash.o
HAL_FLASH_Program_IT                              build/stm32f3xx_hal_flash.o
HAL_FLASH_Unlock                                  build/stm32f3xx_hal_flash.o
HAL_GPIO_DeInit                                   build/stm32f3xx_hal_gpio.o
                                                  build/stm32f3xx_hal_msp.o
HAL_GPIO_EXTI_Callback                            build/stm32f3xx_hal_gpio.o
HAL_GPIO_EXTI_IRQHandler                          build/stm32f3xx_hal_gpio.o
HAL_GPIO_Init                                     build/stm32f3xx_hal_gpio.o
                                                  build/stm32f3xx_hal_rcc.o
                                                  build/stm32f3xx_hal_msp.o
                                                  build/main.o
HAL_GPIO_LockPin                                  build/stm32f3xx_hal_gpio.o
HAL_GPIO_ReadPin                                  build/stm32f3xx_hal_gpio.o
HAL_GPIO_TogglePin                                build/stm32f3xx_hal_gpio.o
                                                  build/main.o
HAL_GPIO_WritePin                                 build/stm32f3xx_hal_gpio.o
                                                  build/main.o
HAL_GetDEVID                                      build/stm32f3xx_hal.o
HAL_GetHalVersion                                 build/stm32f3xx_hal.o
HAL_GetREVID                                      build/stm32f3xx_hal.o
HAL_GetTick                                       build/stm32f3xx_hal.o
                                                  build/stm32f3xx_hal_uart_ex.o
                                                  build/stm32f3xx_hal_uart.o
                                                  build/stm32f3xx_hal_i2s_ex.o
                                                  build/stm32f3xx_hal_i2s.o
                                                  build/stm32f3xx_hal_i2c.o
                                                  build/stm32f3xx_hal_flash.o
                                                  build/stm32f3xx_hal_dma.o
                                                  build/stm32f3xx_hal_rcc_ex.o
                                                  build/stm32f3xx_hal_rcc.o
HAL_GetTickFreq                                   build/stm32f3xx_hal.o
HAL_GetTickPrio                                   build/stm32f3xx_hal.o
HAL_GetUIDw0                                      build/stm32f3xx_hal.o
HAL_GetUIDw1                                      build/stm32f3xx_hal.o
HAL_GetUIDw2                                      build/stm32f3xx_hal.o
HAL_HalfDuplex_EnableReceiver                     build/stm32f3xx_hal_uart.o
HAL_HalfDuplex_EnableTransmitter                  build/stm32f3xx_hal_uart.o
HAL_HalfDuplex_Init                               build/stm32f3xx_hal_uart.o
HAL_I2CEx_ConfigAnalogFilter                      build/stm32f3xx_hal_i2c_ex.o
HAL_I2CEx_ConfigDigitalFilter                     build/stm32f3xx_hal_i2c_ex.o
HAL_I2CEx_DisableFastModePlus                     build/stm32f3xx_hal_i2c_ex.o
HAL_I2CEx_DisableWakeUp                           build/stm32f3xx_hal_i2c_ex.o
HAL_I2CEx_EnableFastModePlus                      build/stm32f3xx_hal_i2c_ex.o
HAL_I2CEx_EnableWakeUp                            build/stm32f3xx_hal_i2c_ex.o
HAL_I2C_AbortCpltCallback                         build/stm32f3xx_hal_i2c.o
HAL_I2C_AddrCallback                              build/stm32f3xx_hal_i2c.o
HAL_I2C_DeInit                                    build/stm32f3xx_hal_i2c.o
HAL_I2C_DisableListen_IT                          build/stm32f3xx_hal_i2c.o
HAL_I2C_ER_IRQHandler                             build/stm32f3xx_hal_i2c.o
HAL_I2C_EV_IRQHandler                             build/stm32f3xx_hal_i2c.o
HAL_I2C_EnableListen_IT                           build/stm32f3xx_hal_i2c.o
HAL_I2C_ErrorCallback                             build/stm32f3xx_hal_i2c.o
HAL_I2C_GetError                                  build/stm32f3xx_hal_i2c.o
HAL_I2C_GetMode                                   build/stm32f3xx_hal_i2c.o
HAL_I2C_GetState                                  build/stm32f3xx_hal_i2c.o
HAL_I2C_Init                                      build/stm32f3xx_hal_i2c.o
HAL_I2C_IsDeviceReady                             build/stm32f3xx_hal_i2c.o
HAL_I2C_ListenCpltCallback                        build/stm32f3xx_hal_i2c.o
HAL_I2C_MasterRxCpltCallback                      build/stm32f3xx_hal_i2c.o
HAL_I2C_MasterTxCpltCallback                      build/stm32f3xx_hal_i2c.o
HAL_I2C_Master_Abort_IT                           build/stm32f3xx_hal_i2c.o
HAL_I2C_Master_Receive                            build/stm32f3xx_hal_i2c.o
HAL_I2C_Master_Receive_DMA                        build/stm32f3xx_hal_i2c.o
HAL_I2C_Master_Receive_IT                         build/stm32f3xx_hal_i2c.o
HAL_I2C_Master_Seq_Receive_DMA                    build/stm32f3xx_hal_i2c.o
HAL_I2C_Master_Seq_Receive_IT                     build/stm32f3xx_hal_i2c.o
HAL_I2C_Master_Seq_Transmit_DMA                   build/stm32f3xx_hal_i2c.o
HAL_I2C_Master_Seq_Transmit_IT                    build/stm32f3xx_hal_i2c.o
HAL_I2C_Master_Transmit                           build/stm32f3xx_hal_i2c.o
HAL_I2C_Master_Transmit_DMA                       build/stm32f3xx_hal_i2c.o
HAL_I2C_Master_Transmit_IT                        build/stm32f3xx_hal_i2c.o
HAL_I2C_MemRxCpltCallback                         build/stm32f3xx_hal_i2c.o
HAL_I2C_MemTxCpltCallback                         build/stm32f3xx_hal_i2c.o
HAL_I2C_Mem_Read                                  build/stm32f3xx_hal_i2c.o
HAL_I2C_Mem_Read_DMA                              build/stm32f3xx_hal_i2c.o
HAL_I2C_Mem_Read_IT                               build/stm32f3xx_hal_i2c.o
HAL_I2C_Mem_Write                                 build/stm32f3xx_hal_i2c.o
HAL_I2C_Mem_Write_DMA                             build/stm32f3xx_hal_i2c.o
HAL_I2C_Mem_Write_IT                              build/stm32f3xx_hal_i2c.o
HAL_I2C_MspDeInit                                 build/stm32f3xx_hal_i2c.o
HAL_I2C_MspInit                                   build/stm32f3xx_hal_i2c.o
HAL_I2C_SlaveRxCpltCallback                       build/stm32f3xx_hal_i2c.o
HAL_I2C_SlaveTxCpltCallback                       build/stm32f3xx_hal_i2c.o
HAL_I2C_Slave_Receive                             build/stm32f3xx_hal_i2c.o
HAL_I2C_Slave_Receive_DMA                         build/stm32f3xx_hal_i2c.o
HAL_I2C_Slave_Receive_IT                          build/stm32f3xx_hal_i2c.o
HAL_I2C_Slave_Seq_Receive_DMA                     build/stm32f3xx_hal_i2c.o
HAL_I2C_Slave_Seq_Receive_IT                      build/stm32f3xx_hal_i2c.o
HAL_I2C_Slave_Seq_Transmit_DMA                    build/stm32f3xx_hal_i2c.o
HAL_I2C_Slave_Seq_Transmit_IT                     build/stm32f3xx_hal_i2c.o
HAL_I2C_Slave_Transmit                            build/stm32f3xx_hal_i2c.o
HAL_I2C_Slave_Transmit_DMA                        build/stm32f3xx_hal_i2c.o
HAL_I2C_Slave_Transmit_IT                         build/stm32f3xx_hal_i2c.o
HAL_I2SEx_FullDuplex_IRQHandler                   build/stm32f3xx_hal_i2s_ex.o
                                                  build/stm32f3xx_hal_i2s.o
HAL_I2SEx_TransmitReceive                         build/stm32f3xx_hal_i2s_ex.o
HAL_I2SEx_TransmitReceive_DMA                     build/stm32f3xx_hal_i2s_ex.o
HAL_I2SEx_TransmitReceive_IT                      build/stm32f3xx_hal_i2s_ex.o
HAL_I2SEx_TxRxCpltCallback                        build/stm32f3xx_hal_i2s_ex.o
HAL_I2SEx_TxRxHalfCpltCallback                    build/stm32f3xx_hal_i2s_ex.o
HAL_I2S_DMAPause                                  build/stm32f3xx_hal_i2s.o
HAL_I2S_DMAResume                                 build/stm32f3xx_hal_i2s.o
HAL_I2S_DMAStop                                   build/stm32f3xx_hal_i2s.o
HAL_I2S_DeInit                                    build/stm32f3xx_hal_i2s.o
HAL_I2S_ErrorCallback                             build/stm32f3xx_hal_i2s.o
                                                  build/stm32f3xx_hal_i2s_ex.o
HAL_I2S_GetError                                  build/stm32f3xx_hal_i2s.o
HAL_I2S_GetState                                  build/stm32f3xx_hal_i2s.o
HAL_I2S_IRQHandler                                build/stm32f3xx_hal_i2s.o
HAL_I2S_Init                                      build/stm32f3xx_hal_i2s.o
                                                  build/main.o
HAL_I2S_MspDeInit                                 build/stm32f3xx_hal_msp.o
HAL_I2S_MspInit                                   build/stm32f3xx_hal_msp.o
HAL_I2S_Receive                                   build/stm32f3xx_hal_i2s.o
                                                  build/main.o
HAL_I2S_Receive_DMA                               build/stm32f3xx_hal_i2s.o
HAL_I2S_Receive_IT                                build/stm32f3xx_hal_i2s.o
HAL_I2S_RxCpltCallback                            build/stm32f3xx_hal_i2s.o
HAL_I2S_RxHalfCpltCallback                        build/stm32f3xx_hal_i2s.o
HAL_I2S_Transmit                                  build/stm32f3xx_hal_i2s.o
HAL_I2S_Transmit_DMA                              build/stm32f3xx_hal_i2s.o
HAL_I2S_Transmit_IT                               build/stm32f3xx_hal_i2s.o
HAL_I2S_TxCpltCallback                            build/stm32f3xx_hal_i2s.o
HAL_I2S_TxHalfCpltCallback                        build/stm32f3xx_hal_i2s.o
HAL_IncTick                                       build/stm32f3xx_hal.o
                                                  build/stm32f3xx_it.o
HAL_Init                                          build/stm32f3xx_hal.o
                                                  build/main.o
HAL_InitTick                                      build/stm32f3xx_hal.o
                                                  build/stm32f3xx_hal_rcc.o
HAL_LIN_Init                                      build/stm32f3xx_hal_uart.o
HAL_LIN_SendBreak                                 build/stm32f3xx_hal_uart.o
HAL_MPU_ConfigRegion                              build/stm32f3xx_hal_cortex.o
HAL_MPU_Disable                                   build/stm32f3xx_hal_cortex.o
HAL_MPU_Enable                                    build/stm32f3xx_hal_cortex.o
HAL_MspDeInit                                     build/stm32f3xx_hal.o
HAL_MspInit                                       build/stm32f3xx_hal_msp.o
HAL_MultiProcessorEx_AddressLength_Set            build/stm32f3xx_hal_uart_ex.o
HAL_MultiProcessor_DisableMuteMode                build/stm32f3xx_hal_uart.o
HAL_MultiProcessor_EnableMuteMode                 build/stm32f3xx_hal_uart.o
HAL_MultiProcessor_EnterMuteMode                  build/stm32f3xx_hal_uart.o
HAL_MultiProcessor_Init                           build/stm32f3xx_hal_uart.o
HAL_NVIC_ClearPendingIRQ                          build/stm32f3xx_hal_cortex.o
HAL_NVIC_DisableIRQ                               build/stm32f3xx_hal_cortex.o
HAL_NVIC_EnableIRQ                                build/stm32f3xx_hal_cortex.o
HAL_NVIC_GetActive                                build/stm32f3xx_hal_cortex.o
HAL_NVIC_GetPendingIRQ                            build/stm32f3xx_hal_cortex.o
HAL_NVIC_GetPriority                              build/stm32f3xx_hal_cortex.o
HAL_NVIC_GetPriorityGrouping                      build/stm32f3xx_hal_cortex.o
HAL_NVIC_SetPendingIRQ                            build/stm32f3xx_hal_cortex.o
HAL_NVIC_SetPriority                              build/stm32f3xx_hal_cortex.o
                                                  build/stm32f3xx_hal.o
HAL_NVIC_SetPriorityGrouping                      build/stm32f3xx_hal_cortex.o
                                                  build/stm32f3xx_hal.o
                                                  build/stm32f3xx_hal_msp.o
HAL_NVIC_SystemReset                              build/stm32f3xx_hal_cortex.o
HAL_PWR_ConfigPVD                                 build/stm32f3xx_hal_pwr_ex.o
HAL_PWR_DeInit                                    build/stm32f3xx_hal_pwr.o
HAL_PWR_DisableBkUpAccess                         build/stm32f3xx_hal_pwr.o
HAL_PWR_DisablePVD                                build/stm32f3xx_hal_pwr_ex.o
HAL_PWR_DisableSEVOnPend                          build/stm32f3xx_hal_pwr.o
HAL_PWR_DisableSleepOnExit                        build/stm32f3xx_hal_pwr.o
HAL_PWR_DisableWakeUpPin                          build/stm32f3xx_hal_pwr.o
HAL_PWR_EnableBkUpAccess                          build/stm32f3xx_hal_pwr.o
HAL_PWR_EnablePVD                                 build/stm32f3xx_hal_pwr_ex.o
HAL_PWR_EnableSEVOnPend                           build/stm32f3xx_hal_pwr.o
HAL_PWR_EnableSleepOnExit                         build/stm32f3xx_hal_pwr.o
HAL_PWR_EnableWakeUpPin                           build/stm32f3xx_hal_pwr.o
HAL_PWR_EnterSLEEPMode                            build/stm32f3xx_hal_pwr.o
HAL_PWR_EnterSTANDBYMode                          build/stm32f3xx_hal_pwr.o
HAL_PWR_EnterSTOPMode                             build/stm32f3xx_hal_pwr.o
HAL_PWR_PVDCallback                               build/stm32f3xx_hal_pwr_ex.o
HAL_PWR_PVD_IRQHandler                            build/stm32f3xx_hal_pwr_ex.o
HAL_RCCEx_GetPeriphCLKConfig                      build/stm32f3xx_hal_rcc_ex.o
HAL_RCCEx_GetPeriphCLKFreq                        build/stm32f3xx_hal_rcc_ex.o
HAL_RCCEx_PeriphCLKConfig                         build/stm32f3xx_hal_rcc_ex.o
                                                  build/stm32f3xx_hal_i2s.o
                                                  build/main.o
HAL_RCC_CSSCallback                               build/stm32f3xx_hal_rcc.o
HAL_RCC_ClockConfig                               build/stm32f3xx_hal_rcc.o
                                                  build/main.o
HAL_RCC_DeInit                                    build/stm32f3xx_hal_rcc.o
HAL_RCC_DisableCSS                                build/stm32f3xx_hal_rcc.o
HAL_RCC_EnableCSS                                 build/stm32f3xx_hal_rcc.o
HAL_RCC_GetClockConfig                            build/stm32f3xx_hal_rcc.o
HAL_RCC_GetHCLKFreq                               build/stm32f3xx_hal_rcc.o
HAL_RCC_GetOscConfig                              build/stm32f3xx_hal_rcc.o
HAL_RCC_GetPCLK1Freq                              build/stm32f3xx_hal_rcc.o
                                                  build/stm32f3xx_hal_uart.o
                                                  build/stm32f3xx_hal_rcc_ex.o
HAL_RCC_GetPCLK2Freq                              build/stm32f3xx_hal_rcc.o
                                                  build/stm32f3xx_hal_uart.o
                                                  build/stm32f3xx_hal_rcc_ex.o
HAL_RCC_GetSysClockFreq                           build/stm32f3xx_hal_rcc.o
                                                  build/stm32f3xx_hal_uart.o
                                                  build/stm32f3xx_hal_i2s.o
                                                  build/stm32f3xx_hal_rcc_ex.o
HAL_RCC_MCOConfig                                 build/stm32f3xx_hal_rcc.o
HAL_RCC_NMI_IRQHandler                            build/stm32f3xx_hal_rcc.o
HAL_RCC_OscConfig                                 build/stm32f3xx_hal_rcc.o
                                                  build/main.o
HAL_RS485Ex_Init                                  build/stm32f3xx_hal_uart_ex.o
HAL_ResumeTick                                    build/stm32f3xx_hal.o
HAL_SYSTICK_CLKSourceConfig                       build/stm32f3xx_hal_cortex.o
HAL_SYSTICK_Callback                              build/stm32f3xx_hal_cortex.o
HAL_SYSTICK_Config                                build/stm32f3xx_hal_cortex.o
                                                  build/stm32f3xx_hal.o
HAL_SYSTICK_IRQHandler                            build/stm32f3xx_hal_cortex.o
HAL_SetTickFreq                                   build/stm32f3xx_hal.o
HAL_SuspendTick                                   build/stm32f3xx_hal.o
HAL_UARTEx_DisableStopMode                        build/stm32f3xx_hal_uart_ex.o
HAL_UARTEx_EnableStopMode                         build/stm32f3xx_hal_uart_ex.o
HAL_UARTEx_ReceiveToIdle                          build/stm32f3xx_hal_uart_ex.o
HAL_UARTEx_ReceiveToIdle_DMA                      build/stm32f3xx_hal_uart_ex.o
HAL_UARTEx_ReceiveToIdle_IT                       build/stm32f3xx_hal_uart_ex.o
HAL_UARTEx_RxEventCallback                        build/stm32f3xx_hal_uart.o
HAL_UARTEx_StopModeWakeUpSourceConfig             build/stm32f3xx_hal_uart_ex.o
HAL_UARTEx_WakeupCallback                         build/stm32f3xx_hal_uart_ex.o
                                                  build/stm32f3xx_hal_uart.o
HAL_UART_Abort                                    build/stm32f3xx_hal_uart.o
HAL_UART_AbortCpltCallback                        build/stm32f3xx_hal_uart.o
HAL_UART_AbortReceive                             build/stm32f3xx_hal_uart.o
HAL_UART_AbortReceiveCpltCallback                 build/stm32f3xx_hal_uart.o
HAL_UART_AbortReceive_IT                          build/stm32f3xx_hal_uart.o
HAL_UART_AbortTransmit                            build/stm32f3xx_hal_uart.o
HAL_UART_AbortTransmitCpltCallback                build/stm32f3xx_hal_uart.o
HAL_UART_AbortTransmit_IT                         build/stm32f3xx_hal_uart.o
HAL_UART_Abort_IT                                 build/stm32f3xx_hal_uart.o
HAL_UART_DMAPause                                 build/stm32f3xx_hal_uart.o
HAL_UART_DMAResume                                build/stm32f3xx_hal_uart.o
HAL_UART_DMAStop                                  build/stm32f3xx_hal_uart.o
HAL_UART_DeInit                                   build/stm32f3xx_hal_uart.o
HAL_UART_DisableReceiverTimeout                   build/stm32f3xx_hal_uart.o
HAL_UART_EnableReceiverTimeout                    build/stm32f3xx_hal_uart.o
HAL_UART_ErrorCallback                            build/stm32f3xx_hal_uart.o
HAL_UART_GetError                                 build/stm32f3xx_hal_uart.o
HAL_UART_GetState                                 build/stm32f3xx_hal_uart.o
HAL_UART_IRQHandler                               build/stm32f3xx_hal_uart.o
HAL_UART_Init                                     build/stm32f3xx_hal_uart.o
                                                  build/main.o
HAL_UART_MspDeInit                                build/stm32f3xx_hal_msp.o
HAL_UART_MspInit                                  build/stm32f3xx_hal_msp.o
                                                  build/stm32f3xx_hal_uart_ex.o
HAL_UART_Receive                                  build/stm32f3xx_hal_uart.o
HAL_UART_Receive_DMA                              build/stm32f3xx_hal_uart.o
HAL_UART_Receive_IT                               build/stm32f3xx_hal_uart.o
HAL_UART_ReceiverTimeout_Config                   build/stm32f3xx_hal_uart.o
HAL_UART_RxCpltCallback                           build/stm32f3xx_hal_uart.o
HAL_UART_RxHalfCpltCallback                       build/stm32f3xx_hal_uart.o
HAL_UART_Transmit                                 build/stm32f3xx_hal_uart.o
                                                  build/utils.o
HAL_UART_Transmit_DMA                             build/stm32f3xx_hal_uart.o
HAL_UART_Transmit_IT                              build/stm32f3xx_hal_uart.o
HAL_UART_TxCpltCallback                           build/stm32f3xx_hal_uart.o
HAL_UART_TxHalfCpltCallback                       build/stm32f3xx_hal_uart.o
HardFault_Handler                                 build/stm32f3xx_it.o
I2C1_ER_IRQHandler                                build/startup_stm32f303xe.o
I2C1_EV_IRQHandler                                build/startup_stm32f303xe.o
I2C2_ER_IRQHandler                                build/startup_stm32f303xe.o
I2C2_EV_IRQHandler                                build/startup_stm32f303xe.o
I2C3_ER_IRQHandler                                build/startup_stm32f303xe.o
I2C3_EV_IRQHandler                                build/startup_stm32f303xe.o
MemManage_Handler                                 build/stm32f3xx_it.o
NMI_Handler                                       build/stm32f3xx_it.o
PVD_IRQHandler                                    build/startup_stm32f303xe.o
PendSV_Handler                                    build/stm32f3xx_it.o
RCC_IRQHandler                                    build/startup_stm32f303xe.o
RTC_Alarm_IRQHandler                              build/startup_stm32f303xe.o
RTC_WKUP_IRQHandler                               build/startup_stm32f303xe.o
Reset_Handler                                     build/startup_stm32f303xe.o
SPI1_IRQHandler                                   build/startup_stm32f303xe.o
SPI2_IRQHandler                                   build/startup_stm32f303xe.o
SPI3_IRQHandler                                   build/startup_stm32f303xe.o
SPI4_IRQHandler                                   build/startup_stm32f303xe.o
SVC_Handler                                       build/stm32f3xx_it.o
SysTick_Handler                                   build/stm32f3xx_it.o
SystemClock_Config                                build/main.o
SystemCoreClock                                   build/system_stm32f3xx.o
                                                  build/stm32f3xx_hal_rcc_ex.o
                                                  build/stm32f3xx_hal_rcc.o
                                                  build/stm32f3xx_hal.o
SystemCoreClockUpdate                             build/system_stm32f3xx.o
SystemInit                                        build/system_stm32f3xx.o
                                                  build/startup_stm32f303xe.o
TAMP_STAMP_IRQHandler                             build/startup_stm32f303xe.o
TIM1_BRK_TIM15_IRQHandler                         build/startup_stm32f303xe.o
TIM1_CC_IRQHandler                                build/startup_stm32f303xe.o
TIM1_TRG_COM_TIM17_IRQHandler                     build/startup_stm32f303xe.o
TIM1_UP_TIM16_IRQHandler                          build/startup_stm32f303xe.o
TIM20_BRK_IRQHandler                              build/startup_stm32f303xe.o
TIM20_CC_IRQHandler                               build/startup_stm32f303xe.o
TIM20_TRG_COM_IRQHandler                          build/startup_stm32f303xe.o
TIM20_UP_IRQHandler                               build/startup_stm32f303xe.o
TIM2_IRQHandler                                   build/startup_stm32f303xe.o
TIM3_IRQHandler                                   build/startup_stm32f303xe.o
TIM4_IRQHandler                                   build/startup_stm32f303xe.o
TIM6_DAC_IRQHandler                               build/startup_stm32f303xe.o
TIM7_IRQHandler                                   build/startup_stm32f303xe.o
TIM8_BRK_IRQHandler                               build/startup_stm32f303xe.o
TIM8_CC_IRQHandler                                build/startup_stm32f303xe.o
TIM8_TRG_COM_IRQHandler                           build/startup_stm32f303xe.o
TIM8_UP_IRQHandler                                build/startup_stm32f303xe.o
UART4_IRQHandler                                  build/startup_stm32f303xe.o
UART5_IRQHandler                                  build/startup_stm32f303xe.o
UART_AdvFeatureConfig                             build/stm32f3xx_hal_uart.o
                                                  build/stm32f3xx_hal_uart_ex.o
UART_CheckIdleState                               build/stm32f3xx_hal_uart.o
                                                  build/stm32f3xx_hal_uart_ex.o
UART_SetConfig                                    build/stm32f3xx_hal_uart.o
                                                  build/stm32f3xx_hal_uart_ex.o
UART_Start_Receive_DMA                            build/stm32f3xx_hal_uart.o
                                                  build/stm32f3xx_hal_uart_ex.o
UART_Start_Receive_IT                             build/stm32f3xx_hal_uart.o
                                                  build/stm32f3xx_hal_uart_ex.o
UART_WaitOnFlagUntilTimeout                       build/stm32f3xx_hal_uart.o
                                                  build/stm32f3xx_hal_uart_ex.o
USART1_IRQHandler                                 build/startup_stm32f303xe.o
USART2_IRQHandler                                 build/startup_stm32f303xe.o
USART3_IRQHandler                                 build/startup_stm32f303xe.o
USBWakeUp_IRQHandler                              build/startup_stm32f303xe.o
USBWakeUp_RMP_IRQHandler                          build/startup_stm32f303xe.o
USB_HP_CAN_TX_IRQHandler                          build/startup_stm32f303xe.o
USB_HP_IRQHandler                                 build/startup_stm32f303xe.o
USB_LP_CAN_RX0_IRQHandler                         build/startup_stm32f303xe.o
USB_LP_IRQHandler                                 build/startup_stm32f303xe.o
UsageFault_Handler                                build/stm32f3xx_it.o
WWDG_IRQHandler                                   build/startup_stm32f303xe.o
__bss_end__                                       /home/filip/gccarm/gcc-arm-none-eabi-9-2020-q2-update/bin/../lib/gcc/arm-none-eabi/9.3.1/../../../../arm-none-eabi/lib/thumb/v7e-m+fp/hard/crt0.o
__bss_start__                                     /home/filip/gccarm/gcc-arm-none-eabi-9-2020-q2-update/bin/../lib/gcc/arm-none-eabi/9.3.1/../../../../arm-none-eabi/lib/thumb/v7e-m+fp/hard/crt0.o
__call_exitprocs                                  /home/filip/gccarm/gcc-arm-none-eabi-9-2020-q2-update/bin/../lib/gcc/arm-none-eabi/9.3.1/../../../../arm-none-eabi/lib/thumb/v7e-m+fp/hard/libc_nano.a(lib_a-exit.o)
__deregister_frame_info                           /home/filip/gccarm/gcc-arm-none-eabi-9-2020-q2-update/bin/../lib/gcc/arm-none-eabi/9.3.1/thumb/v7e-m+fp/hard/crtbegin.o
__dso_handle                                      /home/filip/gccarm/gcc-arm-none-eabi-9-2020-q2-update/bin/../lib/gcc/arm-none-eabi/9.3.1/thumb/v7e-m+fp/hard/crtbegin.o
__init_array_end                                  /home/filip/gccarm/gcc-arm-none-eabi-9-2020-q2-update/bin/../lib/gcc/arm-none-eabi/9.3.1/../../../../arm-none-eabi/lib/thumb/v7e-m+fp/hard/libc_nano.a(lib_a-init.o)
__init_array_start                                /home/filip/gccarm/gcc-arm-none-eabi-9-2020-q2-update/bin/../lib/gcc/arm-none-eabi/9.3.1/../../../../arm-none-eabi/lib/thumb/v7e-m+fp/hard/libc_nano.a(lib_a-init.o)
__libc_fini_array                                 /home/filip/gccarm/gcc-arm-none-eabi-9-2020-q2-update/bin/../lib/gcc/arm-none-eabi/9.3.1/../../../../arm-none-eabi/lib/thumb/v7e-m+fp/hard/crt0.o